../Core/Src/main.c:124:6:tmc2209_readWriteArray	24	static
../Core/Src/main.c:137:9:tmc2209_CRC8	16	static
../Core/Src/main.c:142:16:reset	8	static
../Core/Src/main.c:150:16:restore	8	static
../Core/Src/main.c:156:6:TMC2209_INIT	16	static
../Core/Src/main.c:176:6:currentcheck	24	static
../Core/Src/main.c:216:6:Step0	8	static
../Core/Src/main.c:223:6:Dir0	16	static
../Core/Src/main.c:229:6:motorrotate	24	static
../Core/Src/main.c:246:6:setNextInterruptInterval	16	static
../Core/Src/main.c:264:6:rotationalprocess	16	static
../Core/Src/main.c:286:6:HAL_TIM_OC_DelayElapsedCallback	16	static
../Core/Src/main.c:295:6:runAndWait	8	static
../Core/Src/main.c:306:6:TMCsetup	72	static
../Core/Src/main.c:433:6:HAL_UART_RxCpltCallback	16	static
../Core/Src/main.c:445:5:main	88	static
../Core/Src/main.c:556:6:SystemClock_Config	96	static
../Core/Src/main.c:602:13:MX_TIM2_Init	64	static
../Core/Src/main.c:660:13:MX_TIM3_Init	64	static
../Core/Src/main.c:718:13:MX_USART1_UART_Init	8	static
../Core/Src/main.c:753:13:MX_USART2_UART_Init	8	static
../Core/Src/main.c:788:13:MX_GPIO_Init	40	static
../Core/Src/main.c:820:5:_write	24	static
../Core/Src/main.c:844:6:Error_Handler	4	static,ignoring_inline_asm
