../Core/Src/main.c:125:6:RMD_CANTx	16	static
../Core/Src/main.c:144:6:RMD_calculatuin	16	static
../Core/Src/main.c:188:6:SendAll	16	static
../Core/Src/main.c:202:5:main	16	static
../Core/Src/main.c:320:6:SystemClock_Config	88	static
../Core/Src/main.c:368:13:MX_CAN1_Init	8	static
../Core/Src/main.c:405:13:MX_TIM2_Init	32	static
../Core/Src/main.c:450:13:MX_TIM3_Init	32	static
../Core/Src/main.c:495:13:MX_USART2_UART_Init	8	static
../Core/Src/main.c:528:13:MX_GPIO_Init	48	static
../Core/Src/main.c:567:5:_write	24	static
../Core/Src/main.c:572:6:HAL_UART_RxCpltCallback	16	static
../Core/Src/main.c:580:6:HAL_CAN_TxMailbox0CompleteCallack	16	static
../Core/Src/main.c:585:6:HAL_CAN_RxFifo0MsgPendingCallback	24	static
../Core/Src/main.c:608:6:Error_Handler	8	static,ignoring_inline_asm
