../Core/Src/main.c:83:6:tmc2209_readWriteArray	24	static
../Core/Src/main.c:96:9:tmc2209_CRC8	16	static
../Core/Src/main.c:101:13:periodicJob	16	static
../Core/Src/main.c:109:16:reset	8	static
../Core/Src/main.c:117:16:restore	8	static
../Core/Src/main.c:123:6:TMC2209_INIT	16	static
../Core/Src/main.c:150:5:main	112	static
../Core/Src/main.c:276:6:SystemClock_Config	96	static
../Core/Src/main.c:322:13:MX_TIM3_Init	64	static
../Core/Src/main.c:381:13:MX_USART1_UART_Init	8	static
../Core/Src/main.c:416:13:MX_USART2_UART_Init	8	static
../Core/Src/main.c:451:13:MX_GPIO_Init	40	static
../Core/Src/main.c:483:5:_write	24	static
../Core/Src/main.c:505:6:Error_Handler	4	static,ignoring_inline_asm
