../Core/Src/main.c:117:6:tmc2209_readWriteArray	24	static
../Core/Src/main.c:130:9:tmc2209_CRC8	16	static
../Core/Src/main.c:143:16:reset	8	static
../Core/Src/main.c:151:16:restore	8	static
../Core/Src/main.c:157:6:TMC2209_INIT	16	static
../Core/Src/main.c:176:6:HAL_GPIO_EXTI_Callback	16	static
../Core/Src/main.c:191:6:Step0	8	static
../Core/Src/main.c:203:6:Dir0	16	static
../Core/Src/main.c:208:6:resetStepperInfo	16	static
../Core/Src/main.c:220:6:resetStepper	16	static
../Core/Src/main.c:232:6:prepareMovement	24	static
../Core/Src/main.c:249:6:prepareAbsoluteMovement	24	static
../Core/Src/main.c:265:6:setNextInterruptInterval	16	static
../Core/Src/main.c:291:6:HAL_TIM_OC_DelayElapsedCallback	24	static
../Core/Src/main.c:335:6:sensorStateInit	8	static
../Core/Src/main.c:341:6:runAndWait	8	static
../Core/Src/main.c:346:6:stepperHoming	8	static
../Core/Src/main.c:377:6:TMCsetup	32	static
../Core/Src/main.c:434:5:main	96	static
../Core/Src/main.c:587:6:SystemClock_Config	96	static
../Core/Src/main.c:633:13:MX_TIM3_Init	64	static
../Core/Src/main.c:691:13:MX_USART1_UART_Init	8	static
../Core/Src/main.c:726:13:MX_USART2_UART_Init	8	static
../Core/Src/main.c:761:13:MX_GPIO_Init	40	static
../Core/Src/main.c:793:5:_write	24	static
../Core/Src/main.c:815:6:Error_Handler	4	static,ignoring_inline_asm
