../Core/Src/main.c:99:5:main	16	static
../Core/Src/main.c:267:6:SystemClock_Config	88	static
../Core/Src/main.c:315:13:MX_CAN1_Init	8	static
../Core/Src/main.c:352:13:MX_USART2_UART_Init	8	static
../Core/Src/main.c:385:13:MX_GPIO_Init	48	static
../Core/Src/main.c:424:5:_write	24	static
../Core/Src/main.c:430:6:HAL_UART_RxCpltCallback	16	static
../Core/Src/main.c:435:6:HAL_CAN_TxMailbox0CompleteCallack	16	static
../Core/Src/main.c:442:6:HAL_CAN_RxFifo0MsgPendingCallback	16	static
../Core/Src/main.c:467:6:Error_Handler	4	static,ignoring_inline_asm
