../Core/Src/main.c:106:6:tmc2209_readWriteArray	24	static
../Core/Src/main.c:119:9:tmc2209_CRC8	16	static
../Core/Src/main.c:124:16:reset	8	static
../Core/Src/main.c:132:16:restore	8	static
../Core/Src/main.c:138:6:TMC2209_INIT	16	static
../Core/Src/main.c:158:6:HAL_GPIO_EXTI_Callback	16	static
../Core/Src/main.c:282:6:HAL_TIM_OC_DelayElapsedCallback	16	static
../Core/Src/main.c:333:6:sensorStateInit	8	static
../Core/Src/main.c:402:6:TMCsetup	72	static
../Core/Src/main.c:542:5:main	16	static
../Core/Src/main.c:662:6:SystemClock_Config	88	static
../Core/Src/main.c:710:13:MX_TIM3_Init	64	static
../Core/Src/main.c:768:13:MX_USART1_UART_Init	8	static
../Core/Src/main.c:801:13:MX_USART2_UART_Init	8	static
../Core/Src/main.c:834:13:MX_GPIO_Init	48	static
../Core/Src/main.c:893:5:_write	24	static
../Core/Src/main.c:898:6:HAL_UART_RxCpltCallback	16	static
../Core/Src/main.c:911:6:Error_Handler	4	static,ignoring_inline_asm
