/Users/moritatomiya/STM32Cube/Repository/STM32Cube_FW_F3_V1.11.3/Drivers/CMSIS/Include/core_cm4.h:2064:26:ITM_SendChar	16	static,ignoring_inline_asm
../Core/Src/main.c:67:6:tmc2209_readWriteArray	24	static
../Core/Src/main.c:80:9:tmc2209_CRC8	16	static
../Core/Src/main.c:85:13:periodicJob	16	static
../Core/Src/main.c:93:16:reset	8	static
../Core/Src/main.c:101:16:restore	8	static
../Core/Src/main.c:107:6:TMC2209_INIT	16	static
../Core/Src/main.c:123:5:main	16	static
../Core/Src/main.c:187:6:SystemClock_Config	96	static
../Core/Src/main.c:231:13:MX_USART1_UART_Init	8	static
../Core/Src/main.c:266:13:MX_USART2_UART_Init	8	static
../Core/Src/main.c:301:13:MX_GPIO_Init	24	static
../Core/Src/main.c:312:5:_write	32	static
../Core/Src/main.c:327:6:Error_Handler	4	static,ignoring_inline_asm
