../Core/Src/main.c:118:6:HAL_GPIO_EXTI_Callback	16	static
../Core/Src/main.c:131:6:Zero	4	static
../Core/Src/main.c:143:6:EnterMotorMode	4	static
../Core/Src/main.c:155:6:ExitMotorMode	4	static
../Core/Src/main.c:167:6:pack_cmd	64	static
../Core/Src/main.c:190:6:BLDC_CANTx	16	static
../Core/Src/main.c:229:6:unpack_reply	32	static
../Core/Src/main.c:251:6:BLDC_MotorRotate	48	static
../Core/Src/main.c:307:6:command_judgment	24	static
../Core/Src/main.c:328:5:main	40	static
../Core/Src/main.c:493:6:SystemClock_Config	88	static
../Core/Src/main.c:541:13:MX_CAN1_Init	8	static
../Core/Src/main.c:578:13:MX_CAN2_Init	8	static
../Core/Src/main.c:615:13:MX_USART2_UART_Init	8	static
../Core/Src/main.c:648:13:MX_GPIO_Init	48	static
../Core/Src/main.c:697:5:_write	24	static
../Core/Src/main.c:703:6:HAL_UART_RxCpltCallback	16	static
../Core/Src/main.c:710:6:HAL_CAN_TxMailbox0CompleteCallback	16	static
../Core/Src/main.c:717:6:HAL_CAN_RxFifo0MsgPendingCallback	16	static
../Core/Src/main.c:731:6:Error_Handler	4	static,ignoring_inline_asm
