../Core/Src/main.c:127:6:tmc2209_readWriteArray	24	static
../Core/Src/main.c:140:9:tmc2209_CRC8	16	static
../Core/Src/main.c:148:16:reset	8	static
../Core/Src/main.c:156:16:restore	8	static
../Core/Src/main.c:162:6:TMC2209_INIT	16	static
../Core/Src/main.c:182:6:HAL_GPIO_EXTI_Callback	16	static
../Core/Src/main.c:202:6:Step0	8	static
../Core/Src/main.c:214:6:Dir0	16	static
../Core/Src/main.c:219:6:resetStepperInfo	16	static
../Core/Src/main.c:231:6:resetStepper	16	static
../Core/Src/main.c:243:6:prepareMovement	24	static
../Core/Src/main.c:261:6:prepareAbsoluteMovement	24	static
../Core/Src/main.c:279:6:currentcheck	16	static
../Core/Src/main.c:296:6:setNextInterruptInterval	16	static
../Core/Src/main.c:321:6:HAL_TIM_OC_DelayElapsedCallback	24	static
../Core/Src/main.c:371:6:sensorStateInit	8	static
../Core/Src/main.c:377:6:stallguard_back	8	static
../Core/Src/main.c:383:6:runAndWait	8	static
../Core/Src/main.c:393:6:AbsoluteReset	16	static
../Core/Src/main.c:408:6:stepperHoming	8	static
../Core/Src/main.c:440:6:MotorOFF	16	static
../Core/Src/main.c:464:6:InvertDir	16	static
../Core/Src/main.c:475:6:TMCsetup	72	static
../Core/Src/main.c:649:6:RMDCommand	16	static
../Core/Src/main.c:756:6:SetUpRMD	8	static
../Core/Src/main.c:762:6:RMDLeftTurn	8	static
../Core/Src/main.c:768:6:RMDRightTurn	8	static
../Core/Src/main.c:774:6:checkRMDdata	24	static
../Core/Src/main.c:814:6:RMDPIDSetting	8	static
../Core/Src/main.c:825:6:UART1_InIt	4	static
../Core/Src/main.c:842:5:main	16	static
../Core/Src/main.c:1046:6:SystemClock_Config	88	static
../Core/Src/main.c:1094:13:MX_CAN1_Init	8	static
../Core/Src/main.c:1131:13:MX_TIM3_Init	64	static
../Core/Src/main.c:1189:13:MX_USART1_UART_Init	8	static
../Core/Src/main.c:1222:13:MX_USART2_UART_Init	8	static
../Core/Src/main.c:1255:13:MX_GPIO_Init	48	static
../Core/Src/main.c:1320:5:_write	24	static
../Core/Src/main.c:1325:6:HAL_UART_RxCpltCallback	16	static
../Core/Src/main.c:1331:6:HAL_CAN_TxMailbox0CompleteCallback	16	static
../Core/Src/main.c:1339:6:HAL_CAN_RxFifo0MsgPendingCallback	16	static
../Core/Src/main.c:1364:6:Error_Handler	4	static,ignoring_inline_asm
