../Core/Src/main.c:129:6:tmc2209_readWriteArray	24	static
../Core/Src/main.c:142:9:tmc2209_CRC8	16	static
../Core/Src/main.c:150:16:reset	8	static
../Core/Src/main.c:158:16:restore	8	static
../Core/Src/main.c:164:6:TMC2209_INIT	16	static
../Core/Src/main.c:184:6:HAL_GPIO_EXTI_Callback	16	static
../Core/Src/main.c:204:6:Step0	8	static
../Core/Src/main.c:217:6:Dir0	16	static
../Core/Src/main.c:222:6:resetStepperInfo	16	static
../Core/Src/main.c:234:6:resetStepper	16	static
../Core/Src/main.c:246:6:prepareMovement	24	static
../Core/Src/main.c:264:6:prepareAbsoluteMovement	24	static
../Core/Src/main.c:282:6:currentcheck	16	static
../Core/Src/main.c:299:6:setNextInterruptInterval	16	static
../Core/Src/main.c:324:6:HAL_TIM_OC_DelayElapsedCallback	24	static
../Core/Src/main.c:374:6:sensorStateInit	8	static
../Core/Src/main.c:380:6:stallguard_back	8	static
../Core/Src/main.c:386:6:runAndWait	8	static
../Core/Src/main.c:396:6:AbsoluteReset	16	static
../Core/Src/main.c:411:6:stepperHoming	8	static
../Core/Src/main.c:443:6:MotorOFF	16	static
../Core/Src/main.c:467:6:InvertDir	16	static
../Core/Src/main.c:478:6:TMCsetup	72	static
../Core/Src/main.c:654:6:RMDCommand	16	static
../Core/Src/main.c:777:6:RMDTx	16	static
../Core/Src/main.c:811:6:SetUpRMD	8	static
../Core/Src/main.c:817:6:RMDLeftTurn	8	static
../Core/Src/main.c:823:6:RMDRightTurn	8	static
../Core/Src/main.c:830:6:checkRMDdata	16	static
../Core/Src/main.c:887:6:motor_status	24	static
../Core/Src/main.c:901:6:RMDPIDSetting	8	static
../Core/Src/main.c:912:6:UART1_InIt	4	static
../Core/Src/main.c:930:5:main	48	static
../Core/Src/main.c:1214:6:SystemClock_Config	88	static
../Core/Src/main.c:1262:13:MX_CAN1_Init	8	static
../Core/Src/main.c:1299:13:MX_TIM3_Init	64	static
../Core/Src/main.c:1357:13:MX_USART1_UART_Init	8	static
../Core/Src/main.c:1390:13:MX_USART2_UART_Init	8	static
../Core/Src/main.c:1423:13:MX_GPIO_Init	48	static
../Core/Src/main.c:1488:5:_write	24	static
../Core/Src/main.c:1493:6:HAL_UART_RxCpltCallback	16	static
../Core/Src/main.c:1507:6:HAL_CAN_TxMailbox0CompleteCallback	16	static
../Core/Src/main.c:1515:6:HAL_CAN_RxFifo0MsgPendingCallback	16	static
../Core/Src/main.c:1540:6:Error_Handler	4	static,ignoring_inline_asm
