../Core/Src/main.c:118:6:HAL_GPIO_EXTI_Callback	16	static
../Core/Src/main.c:131:6:Zero	4	static
../Core/Src/main.c:143:6:EnterMotorMode	4	static
../Core/Src/main.c:155:6:ExitMotorMode	4	static
../Core/Src/main.c:167:6:pack_cmd	64	static
../Core/Src/main.c:190:6:BLDC_CANTx	16	static
../Core/Src/main.c:229:6:unpack_reply	32	static
../Core/Src/main.c:251:6:BLDC_MotorRotate	48	static
../Core/Src/main.c:313:5:main	40	static
../Core/Src/main.c:572:6:SystemClock_Config	88	static
../Core/Src/main.c:620:13:MX_CAN1_Init	8	static
../Core/Src/main.c:657:13:MX_CAN2_Init	8	static
../Core/Src/main.c:694:13:MX_USART2_UART_Init	8	static
../Core/Src/main.c:727:13:MX_GPIO_Init	48	static
../Core/Src/main.c:776:5:_write	24	static
../Core/Src/main.c:782:6:HAL_UART_RxCpltCallback	16	static
../Core/Src/main.c:792:6:HAL_CAN_TxMailbox0CompleteCallback	16	static
../Core/Src/main.c:799:6:HAL_CAN_RxFifo0MsgPendingCallback	16	static
../Core/Src/main.c:813:6:Error_Handler	4	static,ignoring_inline_asm
