../Core/Src/main.c:121:6:HAL_GPIO_EXTI_Callback	16	static
../Core/Src/main.c:134:6:Zero	4	static
../Core/Src/main.c:146:6:EnterMotorMode	4	static
../Core/Src/main.c:158:6:ExitMotorMode	4	static
../Core/Src/main.c:170:6:pack_cmd	64	static
../Core/Src/main.c:198:6:BLDC_CANTx	16	static
../Core/Src/main.c:239:6:unpack_reply	32	static
../Core/Src/main.c:261:6:BLDC_StartMotorRotate	56	static
../Core/Src/main.c:333:6:BLDC_SeparateMotorRotate	56	static
../Core/Src/main.c:408:6:BLDC_MotorRotate	88	static
../Core/Src/main.c:527:6:BLDC_MotorRotate_inverseSeparate	88	static
../Core/Src/main.c:712:5:main	176	static
../Core/Src/main.c:1132:6:SystemClock_Config	88	static
../Core/Src/main.c:1180:13:MX_CAN1_Init	8	static
../Core/Src/main.c:1217:13:MX_CAN2_Init	8	static
../Core/Src/main.c:1254:13:MX_USART2_UART_Init	8	static
../Core/Src/main.c:1287:13:MX_GPIO_Init	48	static
../Core/Src/main.c:1336:6:BLDC_FK	48	static
../Core/Src/main.c:1348:6:BLDC_IK	64	static
../Core/Src/main.c:1361:5:_write	24	static
../Core/Src/main.c:1367:6:HAL_UART_RxCpltCallback	16	static
../Core/Src/main.c:1377:6:HAL_CAN_TxMailbox0CompleteCallback	16	static
../Core/Src/main.c:1384:6:HAL_CAN_RxFifo0MsgPendingCallback	16	static
../Core/Src/main.c:1398:6:Error_Handler	4	static,ignoring_inline_asm
