../Core/Src/main.c:75:6:tmc2209_readWriteArray	24	static
../Core/Src/main.c:88:9:tmc2209_CRC8	16	static
../Core/Src/main.c:93:13:periodicJob	16	static
../Core/Src/main.c:101:16:reset	8	static
../Core/Src/main.c:108:16:restore	8	static
../Core/Src/main.c:114:6:TMC2209_INIT	16	static
../Core/Src/main.c:132:5:main	16	static
../Core/Src/main.c:208:6:SystemClock_Config	96	static
../Core/Src/main.c:252:13:MX_TIM3_Init	40	static
../Core/Src/main.c:297:13:MX_USART1_UART_Init	8	static
../Core/Src/main.c:332:13:MX_USART2_UART_Init	8	static
../Core/Src/main.c:367:13:MX_GPIO_Init	40	static
../Core/Src/main.c:389:5:_write	24	static
../Core/Src/main.c:411:6:Error_Handler	4	static,ignoring_inline_asm
