../Core/Src/main.c:125:6:RMD_calculatuin	16	static
../Core/Src/main.c:168:6:SendAll	16	static
../Core/Src/main.c:190:6:RMD_check	16	static
../Core/Src/main.c:233:6:HAL_TIM_PeriodElapsedCallback	24	static
../Core/Src/main.c:249:5:main	16	static
../Core/Src/main.c:367:6:SystemClock_Config	88	static
../Core/Src/main.c:415:13:MX_CAN1_Init	8	static
../Core/Src/main.c:452:13:MX_TIM2_Init	32	static
../Core/Src/main.c:497:13:MX_TIM3_Init	32	static
../Core/Src/main.c:542:13:MX_USART2_UART_Init	8	static
../Core/Src/main.c:575:13:MX_GPIO_Init	48	static
../Core/Src/main.c:614:5:_write	24	static
../Core/Src/main.c:619:6:HAL_UART_RxCpltCallback	16	static
../Core/Src/main.c:627:6:HAL_CAN_TxMailbox0CompleteCallack	16	static
../Core/Src/main.c:632:6:HAL_CAN_RxFifo0MsgPendingCallback	24	static
../Core/Src/main.c:654:6:Error_Handler	8	static,ignoring_inline_asm
