../TMC-EvalSystem-master/tmc/BLDC.c:97:19:inputToHallState	24	static
../TMC-EvalSystem-master/tmc/BLDC.c:132:16:hallStateToAngle	16	static
../TMC-EvalSystem-master/tmc/BLDC.c:161:6:BLDC_init	24	static
../TMC-EvalSystem-master/tmc/BLDC.c:318:6:BLDC_calibrateADCs	16	static
../TMC-EvalSystem-master/tmc/BLDC.c:345:6:PDB0_IRQHandler	4	static
../TMC-EvalSystem-master/tmc/BLDC.c:355:6:ADC1_IRQHandler	16	static
../TMC-EvalSystem-master/tmc/BLDC.c:395:6:timer_callback	24	static
../TMC-EvalSystem-master/tmc/BLDC.c:567:6:BLDC_enablePWM	16	static
../TMC-EvalSystem-master/tmc/BLDC.c:601:9:BLDC_isPWMenabled	4	static
../TMC-EvalSystem-master/tmc/BLDC.c:606:6:BLDC_setTargetPWM	16	static
../TMC-EvalSystem-master/tmc/BLDC.c:611:9:BLDC_getTargetPWM	4	static
../TMC-EvalSystem-master/tmc/BLDC.c:616:5:BLDC_getMeasuredCurrent	16	static
../TMC-EvalSystem-master/tmc/BLDC.c:627:6:BLDC_setCommutationMode	16	static
../TMC-EvalSystem-master/tmc/BLDC.c:632:10:BLDC_getCommutationMode	4	static
../TMC-EvalSystem-master/tmc/BLDC.c:637:6:BLDC_setPolePairs	16	static
../TMC-EvalSystem-master/tmc/BLDC.c:645:9:BLDC_getPolePairs	4	static
../TMC-EvalSystem-master/tmc/BLDC.c:650:6:BLDC_setOpenloopStepTime	16	static
../TMC-EvalSystem-master/tmc/BLDC.c:655:10:BLDC_getOpenloopStepTime	4	static
../TMC-EvalSystem-master/tmc/BLDC.c:660:5:BLDC_getTargetAngle	4	static
../TMC-EvalSystem-master/tmc/BLDC.c:665:5:BLDC_getHallAngle	4	static
../TMC-EvalSystem-master/tmc/BLDC.c:671:6:BLDC_setTargetOpenloopVelocity	16	static
../TMC-EvalSystem-master/tmc/BLDC.c:685:10:BLDC_getTargetOpenloopVelocity	4	static
../TMC-EvalSystem-master/tmc/BLDC.c:690:9:BLDC_getActualOpenloopVelocity	4	static
../TMC-EvalSystem-master/tmc/BLDC.c:704:5:BLDC_getActualHallVelocity	4	static
../TMC-EvalSystem-master/tmc/BLDC.c:709:6:BLDC_setHallOrder	16	static
../TMC-EvalSystem-master/tmc/BLDC.c:717:9:BLDC_getHallOrder	4	static
../TMC-EvalSystem-master/tmc/BLDC.c:722:6:BLDC_setHallInvert	16	static
../TMC-EvalSystem-master/tmc/BLDC.c:727:9:BLDC_getHallInvert	4	static
../TMC-EvalSystem-master/tmc/BLDC.c:732:6:BLDC_setBBMTime	16	static
../TMC-EvalSystem-master/tmc/BLDC.c:741:9:BLDC_getBBMTime	4	static
