../TMC-EvalSystem-master/tmc/RAMDebug.c:70:6:handleTriggering	24	static
../TMC-EvalSystem-master/tmc/RAMDebug.c:135:6:handleDebugging	24	static
../TMC-EvalSystem-master/tmc/RAMDebug.c:165:6:debug_process	8	static
../TMC-EvalSystem-master/tmc/RAMDebug.c:197:24:readChannel	40	static
../TMC-EvalSystem-master/tmc/RAMDebug.c:278:6:debug_init	16	static
../TMC-EvalSystem-master/tmc/RAMDebug.c:318:6:debug_setType	24	static
../TMC-EvalSystem-master/tmc/RAMDebug.c:344:6:debug_setEvalChannel	24	static
../TMC-EvalSystem-master/tmc/RAMDebug.c:367:6:debug_setAddress	24	static
../TMC-EvalSystem-master/tmc/RAMDebug.c:390:5:debug_getChannelType	16	static
../TMC-EvalSystem-master/tmc/RAMDebug.c:406:5:debug_getChannelAddress	16	static
../TMC-EvalSystem-master/tmc/RAMDebug.c:422:6:debug_setTriggerType	16	static
../TMC-EvalSystem-master/tmc/RAMDebug.c:438:6:debug_setTriggerEvalChannel	16	static
../TMC-EvalSystem-master/tmc/RAMDebug.c:451:6:debug_setTriggerAddress	16	static
../TMC-EvalSystem-master/tmc/RAMDebug.c:464:6:debug_setTriggerMaskShift	16	static
../TMC-EvalSystem-master/tmc/RAMDebug.c:470:5:debug_enableTrigger	24	static
../TMC-EvalSystem-master/tmc/RAMDebug.c:502:6:debug_setPrescaler	16	static
../TMC-EvalSystem-master/tmc/RAMDebug.c:507:6:debug_setSampleCount	16	static
../TMC-EvalSystem-master/tmc/RAMDebug.c:515:10:debug_getSampleCount	4	static
../TMC-EvalSystem-master/tmc/RAMDebug.c:520:6:debug_setPretriggerSampleCount	16	static
../TMC-EvalSystem-master/tmc/RAMDebug.c:529:10:debug_getPretriggerSampleCount	4	static
../TMC-EvalSystem-master/tmc/RAMDebug.c:534:5:debug_getSample	16	static
../TMC-EvalSystem-master/tmc/RAMDebug.c:551:5:debug_getState	4	static
../TMC-EvalSystem-master/tmc/RAMDebug.c:556:5:debug_getInfo	16	static
../TMC-EvalSystem-master/tmc/RAMDebug.c:580:6:debug_useNextProcess	16	static
../TMC-EvalSystem-master/tmc/RAMDebug.c:585:6:debug_nextProcess	4	static
../TMC-EvalSystem-master/tmc/RAMDebug.c:590:6:debug_setGlobalEnable	16	static
