../Core/Src/main.c:121:6:tmc2209_readWriteArray	24	static
../Core/Src/main.c:134:9:tmc2209_CRC8	16	static
../Core/Src/main.c:147:16:reset	8	static
../Core/Src/main.c:155:16:restore	8	static
../Core/Src/main.c:161:6:TMC2209_INIT	16	static
../Core/Src/main.c:181:6:HAL_GPIO_EXTI_Callback	16	static
../Core/Src/main.c:201:6:Step0	8	static
../Core/Src/main.c:213:6:Dir0	16	static
../Core/Src/main.c:218:6:resetStepperInfo	16	static
../Core/Src/main.c:230:6:resetStepper	16	static
../Core/Src/main.c:242:6:prepareMovement	24	static
../Core/Src/main.c:260:6:prepareAbsoluteMovement	24	static
../Core/Src/main.c:280:6:setNextInterruptInterval	16	static
../Core/Src/main.c:331:6:HAL_TIM_OC_DelayElapsedCallback	24	static
../Core/Src/main.c:382:6:sensorStateInit	8	static
../Core/Src/main.c:388:6:stallguard_back	8	static
../Core/Src/main.c:406:6:runAndWait	8	static
../Core/Src/main.c:416:6:AbsoluteReset	16	static
../Core/Src/main.c:430:6:stepperHoming	8	static
../Core/Src/main.c:463:6:TMCsetup	72	static
../Core/Src/main.c:634:6:HAL_UART_RxCpltCallback	16	static
../Core/Src/main.c:647:5:main	80	static
../Core/Src/main.c:784:6:SystemClock_Config	96	static
../Core/Src/main.c:830:13:MX_TIM3_Init	64	static
../Core/Src/main.c:888:13:MX_USART1_UART_Init	8	static
../Core/Src/main.c:923:13:MX_USART2_UART_Init	8	static
../Core/Src/main.c:958:13:MX_GPIO_Init	40	static
../Core/Src/main.c:990:5:_write	24	static
../Core/Src/main.c:1014:6:Error_Handler	4	static,ignoring_inline_asm
