../TMC_API/tmc/StepDir.c:147:6:FTM1_IRQHandler	24	static
../TMC_API/tmc/StepDir.c:214:6:StepDir_rotate	16	static
../TMC_API/tmc/StepDir.c:232:6:StepDir_moveTo	16	static
../TMC_API/tmc/StepDir.c:241:6:StepDir_periodicJob	16	static
../TMC_API/tmc/StepDir.c:257:6:StepDir_stop	16	static
../TMC_API/tmc/StepDir.c:262:9:StepDir_getStatus	32	static
../TMC_API/tmc/StepDir.c:280:6:StepDir_setPins	24	static
../TMC_API/tmc/StepDir.c:321:6:StepDir_stallGuard	16	static
../TMC_API/tmc/StepDir.c:333:6:StepDir_setActualPosition	16	static
../TMC_API/tmc/StepDir.c:366:6:StepDir_setAcceleration	32	static
../TMC_API/tmc/StepDir.c:419:6:StepDir_setVelocityMax	16	static
../TMC_API/tmc/StepDir.c:428:6:StepDir_setStallGuardThreshold	16	static
../TMC_API/tmc/StepDir.c:437:6:StepDir_setMode	16	static
../TMC_API/tmc/StepDir.c:450:6:StepDir_setFrequency	16	static
../TMC_API/tmc/StepDir.c:458:6:StepDir_setPrecision	16	static
../TMC_API/tmc/StepDir.c:467:5:StepDir_getActualPosition	16	static
../TMC_API/tmc/StepDir.c:475:5:StepDir_getTargetPosition	16	static
../TMC_API/tmc/StepDir.c:483:5:StepDir_getActualVelocity	16	static
../TMC_API/tmc/StepDir.c:491:5:StepDir_getTargetVelocity	16	static
../TMC_API/tmc/StepDir.c:499:10:StepDir_getAcceleration	16	static
../TMC_API/tmc/StepDir.c:507:5:StepDir_getVelocityMax	16	static
../TMC_API/tmc/StepDir.c:515:5:StepDir_getStallGuardThreshold	16	static
../TMC_API/tmc/StepDir.c:523:13:StepDir_getMode	16	static
../TMC_API/tmc/StepDir.c:531:10:StepDir_getFrequency	16	static
../TMC_API/tmc/StepDir.c:539:10:StepDir_getPrecision	16	static
../TMC_API/tmc/StepDir.c:547:9:StepDir_getMaxAcceleration	16	static
../TMC_API/tmc/StepDir.c:561:6:StepDir_init	24	static
../TMC_API/tmc/StepDir.c:640:6:StepDir_deInit	8	static,ignoring_inline_asm
../TMC_API/tmc/StepDir.c:719:16:calculateStepDifference	112	static
../TMC_API/tmc/StepDir.c:733:20:checkStallguard	16	static
../TMC_API/tmc/StepDir.c:741:20:stop	16	static
