../TMC_API/tmc/TMCL.c:236:9:setTMCLStatus	16	static
../TMC_API/tmc/TMCL.c:248:6:ExecuteActualCommand	8	static
../TMC_API/tmc/TMCL.c:448:6:tmcl_init	12	static
../TMC_API/tmc/TMCL.c:457:6:tmcl_process	16	static
../TMC_API/tmc/TMCL.c:481:6:tx	32	static
../TMC_API/tmc/TMCL.c:517:6:rx	40	static
../TMC_API/tmc/TMCL.c:549:6:tmcl_boot	8	static
../TMC_API/tmc/TMCL.c:611:13:readIdEeprom	16	static
../TMC_API/tmc/TMCL.c:641:13:writeIdEeprom	16	static
../TMC_API/tmc/TMCL.c:667:13:SetGlobalParameter	8	static
../TMC_API/tmc/TMCL.c:709:13:GetGlobalParameter	48	static
../TMC_API/tmc/TMCL.c:748:13:boardAssignment	96	static
../TMC_API/tmc/TMCL.c:802:13:boardsErrors	4	static
../TMC_API/tmc/TMCL.c:818:13:boardsReset	8	static
../TMC_API/tmc/TMCL.c:842:13:boardsMeasuredSpeed	8	static
../TMC_API/tmc/TMCL.c:858:13:setDriversEnable	8	static
../TMC_API/tmc/TMCL.c:867:13:checkIDs	48	static
../TMC_API/tmc/TMCL.c:889:13:SoftwareReset	4	static
../TMC_API/tmc/TMCL.c:895:13:GetVersion	16	static
../TMC_API/tmc/TMCL.c:941:13:GetInput	8	static
../TMC_API/tmc/TMCL.c:976:13:HandleWlanCommand	8	static
../TMC_API/tmc/TMCL.c:1001:13:handleRamDebug	8	static
../TMC_API/tmc/TMCL.c:1090:13:handleOTP	8	static
