../Core/Src/main.c:126:6:HAL_GPIO_EXTI_Callback	16	static
../Core/Src/main.c:141:6:Zero	4	static
../Core/Src/main.c:153:6:EnterMotorMode	4	static
../Core/Src/main.c:165:6:ExitMotorMode	4	static
../Core/Src/main.c:177:6:pack_cmd	64	static
../Core/Src/main.c:200:6:BLDC_CANTx	16	static
../Core/Src/main.c:234:6:unpack_reply	32	static
../Core/Src/main.c:256:6:sent_position	32	static
../Core/Src/main.c:281:6:BLDC_MotorRotate	88	static
../Core/Src/main.c:376:6:BLDC_M1Rotate	56	static
../Core/Src/main.c:430:6:BLDC_M2Rotate	48	static
../Core/Src/main.c:487:6:command_judgment	24	static
../Core/Src/main.c:509:5:main	320	static
../Core/Src/main.c:817:6:SystemClock_Config	88	static
../Core/Src/main.c:865:13:MX_CAN1_Init	8	static
../Core/Src/main.c:902:13:MX_CAN2_Init	8	static
../Core/Src/main.c:939:13:MX_USART2_UART_Init	8	static
../Core/Src/main.c:972:13:MX_GPIO_Init	48	static
../Core/Src/main.c:1021:6:BLDC_FK	48	static
../Core/Src/main.c:1033:6:BLDC_IK	64	static
../Core/Src/main.c:1051:6:HAL_UART_RxCpltCallback	16	static
../Core/Src/main.c:1061:6:HAL_CAN_TxMailbox0CompleteCallback	16	static
../Core/Src/main.c:1067:6:HAL_CAN_RxFifo0MsgPendingCallback	16	static
../Core/Src/main.c:1081:6:Error_Handler	4	static,ignoring_inline_asm
