../Core/Src/main.c:113:6:Zero	4	static
../Core/Src/main.c:125:6:EnterMotorMode	4	static
../Core/Src/main.c:137:6:ExitMotorMode	4	static
../Core/Src/main.c:150:6:pack_cmd	64	static
../Core/Src/main.c:186:6:BLDC_CANTx	16	static
../Core/Src/main.c:232:6:unpack_reply	32	static
../Core/Src/main.c:254:6:BLDC_CANRx	16	static
../Core/Src/main.c:289:5:main	48	static
../Core/Src/main.c:524:6:SystemClock_Config	88	static
../Core/Src/main.c:572:13:MX_CAN1_Init	8	static
../Core/Src/main.c:609:13:MX_CAN2_Init	8	static
../Core/Src/main.c:646:13:MX_USART2_UART_Init	8	static
../Core/Src/main.c:679:13:MX_GPIO_Init	48	static
../Core/Src/main.c:718:5:_write	24	static
../Core/Src/main.c:724:6:HAL_UART_RxCpltCallback	16	static
../Core/Src/main.c:734:6:HAL_CAN_TxMailbox0CompleteCallback	16	static
../Core/Src/main.c:742:6:HAL_CAN_RxFifo0MsgPendingCallback	16	static
../Core/Src/main.c:767:6:Error_Handler	4	static,ignoring_inline_asm
