../Core/Src/main.c:114:6:tmc2209_readWriteArray	24	static
../Core/Src/main.c:130:9:tmc2209_CRC8	16	static
../Core/Src/main.c:135:16:reset	8	static
../Core/Src/main.c:140:16:restore	8	static
../Core/Src/main.c:146:6:TMC2209_INIT	16	static
../Core/Src/main.c:165:6:currentcheck	24	static
../Core/Src/main.c:210:6:HAL_UART_RxCpltCallback	16	static
../Core/Src/main.c:232:6:TMCsetup	16	static
../Core/Src/main.c:394:5:main	64	static
../Core/Src/main.c:525:6:SystemClock_Config	96	static
../Core/Src/main.c:571:13:MX_USART1_UART_Init	8	static
../Core/Src/main.c:606:13:MX_USART2_UART_Init	8	static
../Core/Src/main.c:641:13:MX_GPIO_Init	40	static
../Core/Src/main.c:673:5:_write	24	static
../Core/Src/main.c:699:6:Error_Handler	4	static,ignoring_inline_asm
