../Core/Src/main.c:79:5:main	8	static
../Core/Src/main.c:162:6:SystemClock_Config	72	static
../Core/Src/main.c:199:13:MX_CAN_Init	8	static
../Core/Src/main.c:236:13:MX_USART2_UART_Init	8	static
../Core/Src/main.c:271:13:MX_GPIO_Init	40	static
../Core/Src/main.c:293:6:HAL_UART_RxCpltCallback	16	static
../Core/Src/main.c:298:6:HAL_CAN_TxMailbox0CompleteCallack	16	static
../Core/Src/main.c:303:6:HAL_CAN_RxFifo0MsgPendingCallback	16	static
../Core/Src/main.c:321:6:Error_Handler	4	static,ignoring_inline_asm
