../Core/Src/main.c:118:6:tmc2209_readWriteArray	24	static
../Core/Src/main.c:131:9:tmc2209_CRC8	16	static
../Core/Src/main.c:144:16:reset	8	static
../Core/Src/main.c:152:16:restore	8	static
../Core/Src/main.c:158:6:TMC2209_INIT	16	static
../Core/Src/main.c:177:6:Step0	8	static
../Core/Src/main.c:189:6:Dir0	16	static
../Core/Src/main.c:194:6:resetStepperInfo	16	static
../Core/Src/main.c:206:6:resetStepper	16	static
../Core/Src/main.c:237:6:prepareAbsoluteMovement	24	static
../Core/Src/main.c:260:6:setNextInterruptInterval	16	static
../Core/Src/main.c:285:6:HAL_TIM_OC_DelayElapsedCallback	24	static
../Core/Src/main.c:336:6:runAndWait	8	static
../Core/Src/main.c:343:6:TMCsetup	32	static
../Core/Src/main.c:395:6:motorrotate	32	static
../Core/Src/main.c:408:5:main	88	static
../Core/Src/main.c:546:6:SystemClock_Config	96	static
../Core/Src/main.c:592:13:MX_TIM3_Init	64	static
../Core/Src/main.c:650:13:MX_USART1_UART_Init	8	static
../Core/Src/main.c:685:13:MX_USART2_UART_Init	8	static
../Core/Src/main.c:720:13:MX_GPIO_Init	40	static
../Core/Src/main.c:742:5:_write	24	static
../Core/Src/main.c:747:6:HAL_UART_RxCpltCallback	16	static
../Core/Src/main.c:773:6:Error_Handler	4	static,ignoring_inline_asm
