../Core/Src/main.c:123:6:tmc2209_readWriteArray	24	static
../Core/Src/main.c:139:9:tmc2209_CRC8	16	static
../Core/Src/main.c:144:16:reset	8	static
../Core/Src/main.c:152:16:restore	8	static
../Core/Src/main.c:158:6:TMC2209_INIT	16	static
../Core/Src/main.c:177:6:currentcheck	24	static
../Core/Src/main.c:204:6:Step0	8	static
../Core/Src/main.c:211:6:Dir0	16	static
../Core/Src/main.c:217:6:motorrotate	24	static
../Core/Src/main.c:234:6:setNextInterruptInterval	16	static
../Core/Src/main.c:250:6:rotationalprocess	16	static
../Core/Src/main.c:265:6:HAL_TIM_OC_DelayElapsedCallback	16	static
../Core/Src/main.c:272:6:runAndWait	8	static
../Core/Src/main.c:282:6:TMCsetup	72	static
../Core/Src/main.c:418:6:HAL_UART_RxCpltCallback	16	static
../Core/Src/main.c:434:5:main	88	static
../Core/Src/main.c:538:6:SystemClock_Config	96	static
../Core/Src/main.c:584:13:MX_TIM3_Init	64	static
../Core/Src/main.c:642:13:MX_USART1_UART_Init	8	static
../Core/Src/main.c:677:13:MX_USART2_UART_Init	8	static
../Core/Src/main.c:712:13:MX_GPIO_Init	40	static
../Core/Src/main.c:744:5:_write	24	static
../Core/Src/main.c:770:6:Error_Handler	4	static,ignoring_inline_asm
