../Core/Src/main.c:115:6:tmc2209_readWriteArray	24	static
../Core/Src/main.c:128:9:tmc2209_CRC8	16	static
../Core/Src/main.c:133:13:periodicJob	16	static
../Core/Src/main.c:141:16:reset	8	static
../Core/Src/main.c:149:16:restore	8	static
../Core/Src/main.c:155:6:TMC2209_INIT	16	static
../Core/Src/main.c:174:6:HAL_GPIO_EXTI_Callback	16	static
../Core/Src/main.c:188:6:sensorStateInit	8	static
../Core/Src/main.c:196:6:Step0	8	static
../Core/Src/main.c:208:6:Dir0	16	static
../Core/Src/main.c:213:6:resetStepperInfo	16	static
../Core/Src/main.c:225:6:resetStepper	16	static
../Core/Src/main.c:237:6:prepareMovement	24	static
../Core/Src/main.c:256:6:prepareAbsoluteMovement	24	static
../Core/Src/main.c:275:6:setNextInterruptInterval	24	static
../Core/Src/main.c:298:6:HAL_TIM_OC_DelayElapsedCallback	32	static
../Core/Src/main.c:361:6:runAndWait	8	static
../Core/Src/main.c:366:6:stepperHoming	16	static
../Core/Src/main.c:400:6:TMCsetup	32	static
../Core/Src/main.c:452:6:motorrotate	32	static
../Core/Src/main.c:464:5:main	88	static
../Core/Src/main.c:597:6:SystemClock_Config	96	static
../Core/Src/main.c:643:13:MX_TIM3_Init	64	static
../Core/Src/main.c:701:13:MX_USART1_UART_Init	8	static
../Core/Src/main.c:736:13:MX_USART2_UART_Init	8	static
../Core/Src/main.c:771:13:MX_GPIO_Init	40	static
../Core/Src/main.c:819:5:_write	24	static
../Core/Src/main.c:825:6:HAL_UART_RxCpltCallback	16	static
../Core/Src/main.c:850:6:Error_Handler	4	static,ignoring_inline_asm
