../Core/Src/main.c:259:9:tmc2209_CRC8	16	static
../Core/Src/main.c:264:16:reset	8	static
../Core/Src/main.c:272:16:restore	8	static
../Core/Src/main.c:276:6:TMC2209_INIT	16	static
../Core/Src/main.c:297:6:sent_position	48	static
../Core/Src/main.c:326:6:BLDC_CANTx	16	static
../Core/Src/main.c:340:6:RMD_CANTx	24	static
../Core/Src/main.c:353:6:BLDC_calculatuin	16	static
../Core/Src/main.c:376:6:RMD_calculatuin	32	static
../Core/Src/main.c:413:6:SendAll	48	static
../Core/Src/main.c:531:6:HAL_TIM_PeriodElapsedCallback	24	static
../Core/Src/main.c:540:6:EnterMotorMode	16	static
../Core/Src/main.c:552:6:ExitMotorMode	16	static
../Core/Src/main.c:563:6:pack_cmd	64	static
../Core/Src/main.c:593:6:unpack_reply	40	static
../Core/Src/main.c:611:6:Step0	8	static
../Core/Src/main.c:622:6:Dir0	16	static
../Core/Src/main.c:626:6:TMCsetup	16	static
../Core/Src/main.c:700:6:tmc2209_readWriteArray	24	static
../Core/Src/main.c:712:6:resetStepperInfo	16	static
../Core/Src/main.c:722:6:resetStepper	16	static
../Core/Src/main.c:734:6:prepareMovement	24	static
../Core/Src/main.c:751:6:prepareAbsoluteMovement	24	static
../Core/Src/main.c:767:6:setNextInterruptInterval	24	static
../Core/Src/main.c:790:6:HAL_TIM_OC_DelayElapsedCallback	32	static
../Core/Src/main.c:853:6:runAndWait	8	static
../Core/Src/main.c:858:6:stepperHoming	16	static
../Core/Src/main.c:890:6:ReceiveData_Transmit	72	static
../Core/Src/main.c:1199:6:SentData_Transmit	24	static
../Core/Src/main.c:1209:6:keycommand	96	static
../Core/Src/main.c:1421:5:main	8	static
../Core/Src/main.c:1557:6:SystemClock_Config	88	static
../Core/Src/main.c:1605:13:MX_CAN1_Init	8	static
../Core/Src/main.c:1642:13:MX_CAN2_Init	8	static
../Core/Src/main.c:1679:13:MX_TIM2_Init	32	static
../Core/Src/main.c:1724:13:MX_TIM3_Init	64	static
../Core/Src/main.c:1782:13:MX_USART1_UART_Init	8	static
../Core/Src/main.c:1815:13:MX_USART2_UART_Init	8	static
../Core/Src/main.c:1848:13:MX_GPIO_Init	48	static
../Core/Src/main.c:1897:6:BLDC_FK	48	static
../Core/Src/main.c:1905:6:BLDC_IK	88	static
../Core/Src/main.c:1952:6:HAL_UART_RxCpltCallback	24	static
../Core/Src/main.c:1976:6:HAL_GPIO_EXTI_Callback	16	static
../Core/Src/main.c:2006:6:HAL_CAN_TxMailbox0CompleteCallback	16	static
../Core/Src/main.c:2011:6:HAL_CAN_RxFifo0MsgPendingCallback	16	static
../Core/Src/main.c:2031:6:Error_Handler	4	static,ignoring_inline_asm
