../Core/Src/main.c:91:5:main	8	static
../Core/Src/main.c:313:6:SystemClock_Config	88	static
../Core/Src/main.c:361:13:MX_CAN1_Init	8	static
../Core/Src/main.c:398:13:MX_CAN2_Init	8	static
../Core/Src/main.c:435:13:MX_USART2_UART_Init	8	static
../Core/Src/main.c:466:13:MX_DMA_Init	16	static
../Core/Src/main.c:484:13:MX_GPIO_Init	48	static
../Core/Src/main.c:513:6:HAL_UART_RxCpltCallback	16	static
../Core/Src/main.c:519:6:HAL_CAN_TxMailbox0CompleteCallack	16	static
../Core/Src/main.c:525:6:HAL_CAN_RxFifo0MsgPendingCallback	16	static
../Core/Src/main.c:538:6:Error_Handler	4	static,ignoring_inline_asm
