../Core/Src/main.c:79:6:RMDCommand	16	static
../Core/Src/main.c:191:6:UART1_InIt	4	static
../Core/Src/main.c:207:5:main	56	static
../Core/Src/main.c:461:6:SystemClock_Config	88	static
../Core/Src/main.c:509:13:MX_CAN1_Init	8	static
../Core/Src/main.c:546:13:MX_USART2_UART_Init	8	static
../Core/Src/main.c:579:13:MX_GPIO_Init	48	static
../Core/Src/main.c:618:5:_write	24	static
../Core/Src/main.c:624:6:HAL_UART_RxCpltCallback	16	static
../Core/Src/main.c:634:6:HAL_CAN_TxMailbox0CompleteCallback	16	static
../Core/Src/main.c:642:6:HAL_CAN_RxFifo0MsgPendingCallback	16	static
../Core/Src/main.c:667:6:Error_Handler	4	static,ignoring_inline_asm
