../Core/Src/main.c:187:9:tmc2209_CRC8	16	static
../Core/Src/main.c:194:16:reset	8	static
../Core/Src/main.c:202:16:restore	8	static
../Core/Src/main.c:208:6:TMC2209_INIT	16	static
../Core/Src/main.c:227:6:Step0	8	static
../Core/Src/main.c:239:6:Dir0	16	static
../Core/Src/main.c:243:6:Zero	4	static
../Core/Src/main.c:264:6:EnterMotorMode	4	static
../Core/Src/main.c:286:6:ExitMotorMode	4	static
../Core/Src/main.c:307:6:TMCsetup	56	static
../Core/Src/main.c:414:6:pack_cmd	96	static
../Core/Src/main.c:445:6:BLDC_CANTx	48	static
../Core/Src/main.c:492:6:unpack_reply	40	static
../Core/Src/main.c:524:6:RMDTx	16	static
../Core/Src/main.c:541:6:RMDZero	24	static
../Core/Src/main.c:557:6:sent_position	32	static
../Core/Src/main.c:583:6:BLDC_MotorRotate	88	static
../Core/Src/main.c:681:6:BLDC_M1Rotate	56	static
../Core/Src/main.c:741:6:BLDC_M2Rotate	48	static
../Core/Src/main.c:816:6:command_judgment	24	static
../Core/Src/main.c:832:6:tmc2209_readWriteArray	24	static
../Core/Src/main.c:847:6:resetStepperInfo	16	static
../Core/Src/main.c:859:6:resetStepper	16	static
../Core/Src/main.c:871:6:prepareMovement	24	static
../Core/Src/main.c:889:6:prepareAbsoluteMovement	24	static
../Core/Src/main.c:903:6:currentcheck	16	static
../Core/Src/main.c:919:6:setNextInterruptInterval	16	static
../Core/Src/main.c:944:6:HAL_TIM_OC_DelayElapsedCallback	24	static
../Core/Src/main.c:994:6:sensorStateInit	8	static
../Core/Src/main.c:1000:6:stallguard_back	8	static
../Core/Src/main.c:1005:6:stallguard_error	16	static
../Core/Src/main.c:1017:6:runAndWait	8	static
../Core/Src/main.c:1027:6:AbsoluteReset	16	static
../Core/Src/main.c:1041:6:stepperHoming	8	static
../Core/Src/main.c:1072:6:MotorOFF	16	static
../Core/Src/main.c:1093:6:InvertDir	16	static
../Core/Src/main.c:1103:6:RMDCommand	16	static
../Core/Src/main.c:1206:6:SetUpRMD	8	static
../Core/Src/main.c:1212:6:RMDLeftTurn	8	static
../Core/Src/main.c:1218:6:RMDRightTurn	8	static
../Core/Src/main.c:1224:6:checkRMDdata	24	static
../Core/Src/main.c:1257:6:RMDPIDSetting	8	static
../Core/Src/main.c:1267:6:UART1_InIt	4	static
../Core/Src/main.c:1283:5:main	400	static
../Core/Src/main.c:1703:6:SystemClock_Config	88	static
../Core/Src/main.c:1751:13:MX_CAN1_Init	8	static
../Core/Src/main.c:1788:13:MX_TIM3_Init	64	static
../Core/Src/main.c:1846:13:MX_USART1_UART_Init	8	static
../Core/Src/main.c:1879:13:MX_USART2_UART_Init	8	static
../Core/Src/main.c:1912:13:MX_GPIO_Init	48	static
../Core/Src/main.c:1986:6:BLDC_FK	48	static
../Core/Src/main.c:1994:6:BLDC_IK	64	static
../Core/Src/main.c:2008:6:HAL_UART_RxCpltCallback	16	static
../Core/Src/main.c:2019:6:HAL_CAN_TxMailbox0CompleteCallback	16	static
../Core/Src/main.c:2025:6:HAL_CAN_RxFifo0MsgPendingCallback	24	static
../Core/Src/main.c:2045:6:HAL_GPIO_EXTI_Callback	16	static
../Core/Src/main.c:2082:6:Error_Handler	4	static,ignoring_inline_asm
