../Core/Src/main.c:121:6:tmc2209_readWriteArray	24	static
../Core/Src/main.c:134:9:tmc2209_CRC8	16	static
../Core/Src/main.c:139:16:reset	8	static
../Core/Src/main.c:147:16:restore	8	static
../Core/Src/main.c:153:6:TMC2209_INIT	16	static
../Core/Src/main.c:173:6:HAL_GPIO_EXTI_Callback	16	static
../Core/Src/main.c:187:6:Step0	8	static
../Core/Src/main.c:194:6:Dir0	16	static
../Core/Src/main.c:198:6:resetStepperInfo	16	static
../Core/Src/main.c:210:6:resetStepper	16	static
../Core/Src/main.c:223:6:prepareAbsoluteMovement	24	static
../Core/Src/main.c:246:6:setNextInterruptInterval	16	static
../Core/Src/main.c:267:6:currentcheck	24	static
../Core/Src/main.c:295:6:HAL_TIM_OC_DelayElapsedCallback	24	static
../Core/Src/main.c:318:6:HAL_TIM_PeriodElapsedCallback	16	static
../Core/Src/main.c:327:6:sensorStateInit	8	static
../Core/Src/main.c:333:6:runAndWait	8	static
../Core/Src/main.c:340:6:TMCsetup	64	static
../Core/Src/main.c:458:6:motorrotate	4	static
../Core/Src/main.c:465:6:HAL_UART_RxCpltCallback	16	static
../Core/Src/main.c:483:5:main	88	static
../Core/Src/main.c:612:6:SystemClock_Config	96	static
../Core/Src/main.c:658:13:MX_TIM2_Init	40	static
../Core/Src/main.c:703:13:MX_TIM3_Init	64	static
../Core/Src/main.c:761:13:MX_USART1_UART_Init	8	static
../Core/Src/main.c:796:13:MX_USART2_UART_Init	8	static
../Core/Src/main.c:831:13:MX_GPIO_Init	40	static
../Core/Src/main.c:863:5:_write	24	static
../Core/Src/main.c:887:6:Error_Handler	4	static,ignoring_inline_asm
