../Core/Src/main.c:116:6:HAL_GPIO_EXTI_Callback	16	static
../Core/Src/main.c:129:6:Zero	4	static
../Core/Src/main.c:141:6:EnterMotorMode	4	static
../Core/Src/main.c:153:6:ExitMotorMode	4	static
../Core/Src/main.c:166:6:pack_cmd	64	static
../Core/Src/main.c:202:6:BLDC_CANTx	16	static
../Core/Src/main.c:241:6:unpack_reply	40	static
../Core/Src/main.c:280:6:BLDC_MotorRotate	32	static
../Core/Src/main.c:325:5:main	32	static
../Core/Src/main.c:556:6:SystemClock_Config	88	static
../Core/Src/main.c:604:13:MX_CAN1_Init	8	static
../Core/Src/main.c:641:13:MX_CAN2_Init	8	static
../Core/Src/main.c:678:13:MX_USART2_UART_Init	8	static
../Core/Src/main.c:711:13:MX_GPIO_Init	48	static
../Core/Src/main.c:760:5:_write	24	static
../Core/Src/main.c:766:6:HAL_UART_RxCpltCallback	16	static
../Core/Src/main.c:776:6:HAL_CAN_TxMailbox0CompleteCallback	16	static
../Core/Src/main.c:784:6:HAL_CAN_RxFifo0MsgPendingCallback	16	static
../Core/Src/main.c:809:6:Error_Handler	4	static,ignoring_inline_asm
