../Core/Src/main.c:78:6:tmc2209_readWriteArray	24	static
../Core/Src/main.c:91:9:tmc2209_CRC8	16	static
../Core/Src/main.c:96:13:periodicJob	16	static
../Core/Src/main.c:104:16:reset	8	static
../Core/Src/main.c:112:16:restore	8	static
../Core/Src/main.c:118:6:TMC2209_INIT	16	static
../Core/Src/main.c:136:6:TMCsetup	32	static
../Core/Src/main.c:188:6:motorrotate	40	static
../Core/Src/main.c:210:5:main	88	static
../Core/Src/main.c:316:6:SystemClock_Config	96	static
../Core/Src/main.c:362:13:MX_USART1_UART_Init	8	static
../Core/Src/main.c:397:13:MX_USART2_UART_Init	8	static
../Core/Src/main.c:432:13:MX_GPIO_Init	40	static
../Core/Src/main.c:454:5:_write	24	static
../Core/Src/main.c:459:6:HAL_UART_RxCpltCallback	16	static
../Core/Src/main.c:483:6:Error_Handler	4	static,ignoring_inline_asm
