../Core/Src/main.c:122:6:HAL_GPIO_EXTI_Callback	16	static
../Core/Src/main.c:135:6:Zero	4	static
../Core/Src/main.c:147:6:EnterMotorMode	4	static
../Core/Src/main.c:159:6:ExitMotorMode	4	static
../Core/Src/main.c:171:6:pack_cmd	64	static
../Core/Src/main.c:194:6:BLDC_CANTx	16	static
../Core/Src/main.c:228:6:unpack_reply	32	static
../Core/Src/main.c:242:6:BLDC_MotorRotate	88	static
../Core/Src/main.c:329:6:command_judgment	24	static
../Core/Src/main.c:352:5:main	176	static
../Core/Src/main.c:583:6:SystemClock_Config	88	static
../Core/Src/main.c:631:13:MX_CAN1_Init	8	static
../Core/Src/main.c:668:13:MX_CAN2_Init	8	static
../Core/Src/main.c:705:13:MX_USART2_UART_Init	8	static
../Core/Src/main.c:738:13:MX_GPIO_Init	48	static
../Core/Src/main.c:787:6:BLDC_FK	48	static
../Core/Src/main.c:799:6:BLDC_IK	64	static
../Core/Src/main.c:817:6:HAL_UART_RxCpltCallback	16	static
../Core/Src/main.c:825:6:HAL_CAN_TxMailbox0CompleteCallback	16	static
../Core/Src/main.c:831:6:HAL_CAN_RxFifo0MsgPendingCallback	16	static
../Core/Src/main.c:845:6:Error_Handler	4	static,ignoring_inline_asm
