../Core/Src/main.c:71:6:tmc2209_readWriteArray	24	static
../Core/Src/main.c:84:9:tmc2209_CRC8	16	static
../Core/Src/main.c:89:13:periodicJob	16	static
../Core/Src/main.c:97:16:reset	8	static
../Core/Src/main.c:105:16:restore	8	static
../Core/Src/main.c:111:6:TMC2209_INIT	16	static
../Core/Src/main.c:129:5:main	16	static
../Core/Src/main.c:204:6:SystemClock_Config	96	static
../Core/Src/main.c:248:13:MX_USART1_UART_Init	8	static
../Core/Src/main.c:283:13:MX_USART2_UART_Init	8	static
../Core/Src/main.c:318:13:MX_GPIO_Init	16	static
../Core/Src/main.c:328:5:_write	24	static
../Core/Src/main.c:350:6:Error_Handler	4	static,ignoring_inline_asm
