../Core/Src/main.c:145:6:tmc2209_readWriteArray	24	static
../Core/Src/main.c:158:9:tmc2209_CRC8	16	static
../Core/Src/main.c:166:16:reset	8	static
../Core/Src/main.c:174:16:restore	8	static
../Core/Src/main.c:180:6:TMC2209_INIT	16	static
../Core/Src/main.c:200:6:HAL_GPIO_EXTI_Callback	16	static
../Core/Src/main.c:220:6:Step0	8	static
../Core/Src/main.c:232:6:Dir0	16	static
../Core/Src/main.c:237:6:resetStepperInfo	16	static
../Core/Src/main.c:249:6:resetStepper	16	static
../Core/Src/main.c:261:6:prepareMovement	24	static
../Core/Src/main.c:279:6:prepareAbsoluteMovement	24	static
../Core/Src/main.c:297:6:currentcheck	16	static
../Core/Src/main.c:314:6:setNextInterruptInterval	16	static
../Core/Src/main.c:339:6:HAL_TIM_OC_DelayElapsedCallback	24	static
../Core/Src/main.c:389:6:sensorStateInit	8	static
../Core/Src/main.c:395:6:stallguard_back	8	static
../Core/Src/main.c:401:6:runAndWait	8	static
../Core/Src/main.c:411:6:AbsoluteReset	16	static
../Core/Src/main.c:426:6:stepperHoming	8	static
../Core/Src/main.c:458:6:MotorOFF	16	static
../Core/Src/main.c:482:6:InvertDir	16	static
../Core/Src/main.c:493:6:TMCsetup	72	static
../Core/Src/main.c:667:6:RMDCommand	16	static
../Core/Src/main.c:774:6:SetUpRMD	8	static
../Core/Src/main.c:780:6:RMDLeftTurn	8	static
../Core/Src/main.c:786:6:RMDRightTurn	8	static
../Core/Src/main.c:792:6:checkRMDdata	24	static
../Core/Src/main.c:832:6:RMDPIDSetting	8	static
../Core/Src/main.c:843:6:UART1_InIt	4	static
../Core/Src/main.c:854:6:command_judgment	24	static
../Core/Src/main.c:875:5:main	176	static
../Core/Src/main.c:1126:6:SystemClock_Config	88	static
../Core/Src/main.c:1174:13:MX_CAN1_Init	8	static
../Core/Src/main.c:1211:13:MX_CAN2_Init	8	static
../Core/Src/main.c:1248:13:MX_TIM3_Init	64	static
../Core/Src/main.c:1306:13:MX_USART1_UART_Init	8	static
../Core/Src/main.c:1339:13:MX_USART2_UART_Init	8	static
../Core/Src/main.c:1372:13:MX_GPIO_Init	48	static
../Core/Src/main.c:1437:5:_write	24	static
../Core/Src/main.c:1442:6:HAL_UART_RxCpltCallback	16	static
../Core/Src/main.c:1447:6:HAL_CAN_TxMailbox0CompleteCallback	16	static
../Core/Src/main.c:1455:6:HAL_CAN_RxFifo0MsgPendingCallback	16	static
../Core/Src/main.c:1461:6:HAL_CAN_RxFifo1MsgPendingCallback	16	static
../Core/Src/main.c:1474:6:Error_Handler	4	static,ignoring_inline_asm
