Archive member included to satisfy reference by file (symbol)

/Applications/STM32CubeIDE.app/Contents/Eclipse/plugins/com.st.stm32cube.ide.mcu.externaltools.gnu-tools-for-stm32.10.3-2021.10.macos64_1.0.0.202111181127/tools/bin/../lib/gcc/arm-none-eabi/10.3.1/../../../../arm-none-eabi/lib/thumb/v7e-m+fp/hard/libc_nano.a(lib_a-errno.o)
                              ./Core/Src/syscalls.o (__errno)
/Applications/STM32CubeIDE.app/Contents/Eclipse/plugins/com.st.stm32cube.ide.mcu.externaltools.gnu-tools-for-stm32.10.3-2021.10.macos64_1.0.0.202111181127/tools/bin/../lib/gcc/arm-none-eabi/10.3.1/../../../../arm-none-eabi/lib/thumb/v7e-m+fp/hard/libc_nano.a(lib_a-exit.o)
                              /Applications/STM32CubeIDE.app/Contents/Eclipse/plugins/com.st.stm32cube.ide.mcu.externaltools.gnu-tools-for-stm32.10.3-2021.10.macos64_1.0.0.202111181127/tools/bin/../lib/gcc/arm-none-eabi/10.3.1/../../../../arm-none-eabi/lib/thumb/v7e-m+fp/hard/crt0.o (exit)
/Applications/STM32CubeIDE.app/Contents/Eclipse/plugins/com.st.stm32cube.ide.mcu.externaltools.gnu-tools-for-stm32.10.3-2021.10.macos64_1.0.0.202111181127/tools/bin/../lib/gcc/arm-none-eabi/10.3.1/../../../../arm-none-eabi/lib/thumb/v7e-m+fp/hard/libc_nano.a(lib_a-impure.o)
                              /Applications/STM32CubeIDE.app/Contents/Eclipse/plugins/com.st.stm32cube.ide.mcu.externaltools.gnu-tools-for-stm32.10.3-2021.10.macos64_1.0.0.202111181127/tools/bin/../lib/gcc/arm-none-eabi/10.3.1/../../../../arm-none-eabi/lib/thumb/v7e-m+fp/hard/libc_nano.a(lib_a-exit.o) (_global_impure_ptr)
/Applications/STM32CubeIDE.app/Contents/Eclipse/plugins/com.st.stm32cube.ide.mcu.externaltools.gnu-tools-for-stm32.10.3-2021.10.macos64_1.0.0.202111181127/tools/bin/../lib/gcc/arm-none-eabi/10.3.1/../../../../arm-none-eabi/lib/thumb/v7e-m+fp/hard/libc_nano.a(lib_a-init.o)
                              /Applications/STM32CubeIDE.app/Contents/Eclipse/plugins/com.st.stm32cube.ide.mcu.externaltools.gnu-tools-for-stm32.10.3-2021.10.macos64_1.0.0.202111181127/tools/bin/../lib/gcc/arm-none-eabi/10.3.1/../../../../arm-none-eabi/lib/thumb/v7e-m+fp/hard/crt0.o (__libc_init_array)
/Applications/STM32CubeIDE.app/Contents/Eclipse/plugins/com.st.stm32cube.ide.mcu.externaltools.gnu-tools-for-stm32.10.3-2021.10.macos64_1.0.0.202111181127/tools/bin/../lib/gcc/arm-none-eabi/10.3.1/../../../../arm-none-eabi/lib/thumb/v7e-m+fp/hard/libc_nano.a(lib_a-memset.o)
                              /Applications/STM32CubeIDE.app/Contents/Eclipse/plugins/com.st.stm32cube.ide.mcu.externaltools.gnu-tools-for-stm32.10.3-2021.10.macos64_1.0.0.202111181127/tools/bin/../lib/gcc/arm-none-eabi/10.3.1/../../../../arm-none-eabi/lib/thumb/v7e-m+fp/hard/crt0.o (memset)

Discarded input sections

 .text          0x0000000000000000        0x0 /Applications/STM32CubeIDE.app/Contents/Eclipse/plugins/com.st.stm32cube.ide.mcu.externaltools.gnu-tools-for-stm32.10.3-2021.10.macos64_1.0.0.202111181127/tools/bin/../lib/gcc/arm-none-eabi/10.3.1/thumb/v7e-m+fp/hard/crti.o
 .data          0x0000000000000000        0x0 /Applications/STM32CubeIDE.app/Contents/Eclipse/plugins/com.st.stm32cube.ide.mcu.externaltools.gnu-tools-for-stm32.10.3-2021.10.macos64_1.0.0.202111181127/tools/bin/../lib/gcc/arm-none-eabi/10.3.1/thumb/v7e-m+fp/hard/crti.o
 .bss           0x0000000000000000        0x0 /Applications/STM32CubeIDE.app/Contents/Eclipse/plugins/com.st.stm32cube.ide.mcu.externaltools.gnu-tools-for-stm32.10.3-2021.10.macos64_1.0.0.202111181127/tools/bin/../lib/gcc/arm-none-eabi/10.3.1/thumb/v7e-m+fp/hard/crti.o
 .data          0x0000000000000000        0x4 /Applications/STM32CubeIDE.app/Contents/Eclipse/plugins/com.st.stm32cube.ide.mcu.externaltools.gnu-tools-for-stm32.10.3-2021.10.macos64_1.0.0.202111181127/tools/bin/../lib/gcc/arm-none-eabi/10.3.1/thumb/v7e-m+fp/hard/crtbegin.o
 .rodata        0x0000000000000000       0x24 /Applications/STM32CubeIDE.app/Contents/Eclipse/plugins/com.st.stm32cube.ide.mcu.externaltools.gnu-tools-for-stm32.10.3-2021.10.macos64_1.0.0.202111181127/tools/bin/../lib/gcc/arm-none-eabi/10.3.1/thumb/v7e-m+fp/hard/crtbegin.o
 .text          0x0000000000000000       0x7c /Applications/STM32CubeIDE.app/Contents/Eclipse/plugins/com.st.stm32cube.ide.mcu.externaltools.gnu-tools-for-stm32.10.3-2021.10.macos64_1.0.0.202111181127/tools/bin/../lib/gcc/arm-none-eabi/10.3.1/../../../../arm-none-eabi/lib/thumb/v7e-m+fp/hard/crt0.o
 .data          0x0000000000000000        0x0 /Applications/STM32CubeIDE.app/Contents/Eclipse/plugins/com.st.stm32cube.ide.mcu.externaltools.gnu-tools-for-stm32.10.3-2021.10.macos64_1.0.0.202111181127/tools/bin/../lib/gcc/arm-none-eabi/10.3.1/../../../../arm-none-eabi/lib/thumb/v7e-m+fp/hard/crt0.o
 .bss           0x0000000000000000        0x0 /Applications/STM32CubeIDE.app/Contents/Eclipse/plugins/com.st.stm32cube.ide.mcu.externaltools.gnu-tools-for-stm32.10.3-2021.10.macos64_1.0.0.202111181127/tools/bin/../lib/gcc/arm-none-eabi/10.3.1/../../../../arm-none-eabi/lib/thumb/v7e-m+fp/hard/crt0.o
[...]
Memory Configuration

Name             Origin             Length             Attributes
CCMRAM           0x0000000010000000 0x0000000000001000 xrw
RAM              0x0000000020000000 0x0000000000003000 xrw
FLASH            0x0000000008000000 0x0000000000010000 xr
*default*        0x0000000000000000 0xffffffffffffffff

Linker script and memory map

LOAD /Applications/STM32CubeIDE.app/Contents/Eclipse/plugins/com.st.stm32cube.ide.mcu.externaltools.gnu-tools-for-stm32.10.3-2021.10.macos64_1.0.0.202111181127/tools/bin/../lib/gcc/arm-none-eabi/10.3.1/thumb/v7e-m+fp/hard/crti.o
LOAD /Applications/STM32CubeIDE.app/Contents/Eclipse/plugins/com.st.stm32cube.ide.mcu.externaltools.gnu-tools-for-stm32.10.3-2021.10.macos64_1.0.0.202111181127/tools/bin/../lib/gcc/arm-none-eabi/10.3.1/thumb/v7e-m+fp/hard/crtbegin.o
LOAD /Applications/STM32CubeIDE.app/Contents/Eclipse/plugins/com.st.stm32cube.ide.mcu.externaltools.gnu-tools-for-stm32.10.3-2021.10.macos64_1.0.0.202111181127/tools/bin/../lib/gcc/arm-none-eabi/10.3.1/../../../../arm-none-eabi/lib/thumb/v7e-m+fp/hard/crt0.o
LOAD ./Core/Src/main.o
LOAD ./Core/Src/stm32f3xx_hal_msp.o
LOAD ./Core/Src/stm32f3xx_it.o
LOAD ./Core/Src/syscalls.o
LOAD ./Core/Src/sysmem.o
LOAD ./Core/Src/system_stm32f3xx.o
LOAD ./Core/Startup/startup_stm32f303k8tx.o
LOAD ./Drivers/STM32F3xx_HAL_Driver/Src/stm32f3xx_hal.o
LOAD ./Drivers/STM32F3xx_HAL_Driver/Src/stm32f3xx_hal_cortex.o
LOAD ./Drivers/STM32F3xx_HAL_Driver/Src/stm32f3xx_hal_dma.o
LOAD ./Drivers/STM32F3xx_HAL_Driver/Src/stm32f3xx_hal_exti.o
LOAD ./Drivers/STM32F3xx_HAL_Driver/Src/stm32f3xx_hal_flash.o
LOAD ./Drivers/STM32F3xx_HAL_Driver/Src/stm32f3xx_hal_flash_ex.o
LOAD ./Drivers/STM32F3xx_HAL_Driver/Src/stm32f3xx_hal_gpio.o
LOAD ./Drivers/STM32F3xx_HAL_Driver/Src/stm32f3xx_hal_i2c.o
LOAD ./Drivers/STM32F3xx_HAL_Driver/Src/stm32f3xx_hal_i2c_ex.o
LOAD ./Drivers/STM32F3xx_HAL_Driver/Src/stm32f3xx_hal_pwr.o
LOAD ./Drivers/STM32F3xx_HAL_Driver/Src/stm32f3xx_hal_pwr_ex.o
LOAD ./Drivers/STM32F3xx_HAL_Driver/Src/stm32f3xx_hal_rcc.o
LOAD ./Drivers/STM32F3xx_HAL_Driver/Src/stm32f3xx_hal_rcc_ex.o
LOAD ./Drivers/STM32F3xx_HAL_Driver/Src/stm32f3xx_hal_tim.o
LOAD ./Drivers/STM32F3xx_HAL_Driver/Src/stm32f3xx_hal_tim_ex.o
LOAD ./Drivers/STM32F3xx_HAL_Driver/Src/stm32f3xx_hal_usart.o
START GROUP
LOAD /Applications/STM32CubeIDE.app/Contents/Eclipse/plugins/com.st.stm32cube.ide.mcu.externaltools.gnu-tools-for-stm32.10.3-2021.10.macos64_1.0.0.202111181127/tools/bin/../lib/gcc/arm-none-eabi/10.3.1/../../../../arm-none-eabi/lib/thumb/v7e-m+fp/hard/libc_nano.a
LOAD /Applications/STM32CubeIDE.app/Contents/Eclipse/plugins/com.st.stm32cube.ide.mcu.externaltools.gnu-tools-for-stm32.10.3-2021.10.macos64_1.0.0.202111181127/tools/bin/../lib/gcc/arm-none-eabi/10.3.1/../../../../arm-none-eabi/lib/thumb/v7e-m+fp/hard/libm.a
END GROUP
START GROUP
LOAD /Applications/STM32CubeIDE.app/Contents/Eclipse/plugins/com.st.stm32cube.ide.mcu.externaltools.gnu-tools-for-stm32.10.3-2021.10.macos64_1.0.0.202111181127/tools/bin/../lib/gcc/arm-none-eabi/10.3.1/thumb/v7e-m+fp/hard/libgcc.a
LOAD /Applications/STM32CubeIDE.app/Contents/Eclipse/plugins/com.st.stm32cube.ide.mcu.externaltools.gnu-tools-for-stm32.10.3-2021.10.macos64_1.0.0.202111181127/tools/bin/../lib/gcc/arm-none-eabi/10.3.1/../../../../arm-none-eabi/lib/thumb/v7e-m+fp/hard/libc_nano.a
END GROUP
START GROUP
LOAD /Applications/STM32CubeIDE.app/Contents/Eclipse/plugins/com.st.stm32cube.ide.mcu.externaltools.gnu-tools-for-stm32.10.3-2021.10.macos64_1.0.0.202111181127/tools/bin/../lib/gcc/arm-none-eabi/10.3.1/thumb/v7e-m+fp/hard/libgcc.a
LOAD /Applications/STM32CubeIDE.app/Contents/Eclipse/plugins/com.st.stm32cube.ide.mcu.externaltools.gnu-tools-for-stm32.10.3-2021.10.macos64_1.0.0.202111181127/tools/bin/../lib/gcc/arm-none-eabi/10.3.1/../../../../arm-none-eabi/lib/thumb/v7e-m+fp/hard/libc_nano.a
LOAD /Applications/STM32CubeIDE.app/Contents/Eclipse/plugins/com.st.stm32cube.ide.mcu.externaltools.gnu-tools-for-stm32.10.3-2021.10.macos64_1.0.0.202111181127/tools/bin/../lib/gcc/arm-none-eabi/10.3.1/../../../../arm-none-eabi/lib/thumb/v7e-m+fp/hard/libnosys.a
END GROUP
START GROUP
LOAD /Applications/STM32CubeIDE.app/Contents/Eclipse/plugins/com.st.stm32cube.ide.mcu.externaltools.gnu-tools-for-stm32.10.3-2021.10.macos64_1.0.0.202111181127/tools/bin/../lib/gcc/arm-none-eabi/10.3.1/thumb/v7e-m+fp/hard/libgcc.a
LOAD /Applications/STM32CubeIDE.app/Contents/Eclipse/plugins/com.st.stm32cube.ide.mcu.externaltools.gnu-tools-for-stm32.10.3-2021.10.macos64_1.0.0.202111181127/tools/bin/../lib/gcc/arm-none-eabi/10.3.1/../../../../arm-none-eabi/lib/thumb/v7e-m+fp/hard/libc_nano.a
LOAD /Applications/STM32CubeIDE.app/Contents/Eclipse/plugins/com.st.stm32cube.ide.mcu.externaltools.gnu-tools-for-stm32.10.3-2021.10.macos64_1.0.0.202111181127/tools/bin/../lib/gcc/arm-none-eabi/10.3.1/../../../../arm-none-eabi/lib/thumb/v7e-m+fp/hard/libnosys.a
END GROUP
LOAD /Applications/STM32CubeIDE.app/Contents/Eclipse/plugins/com.st.stm32cube.ide.mcu.externaltools.gnu-tools-for-stm32.10.3-2021.10.macos64_1.0.0.202111181127/tools/bin/../lib/gcc/arm-none-eabi/10.3.1/thumb/v7e-m+fp/hard/crtend.o
LOAD /Applications/STM32CubeIDE.app/Contents/Eclipse/plugins/com.st.stm32cube.ide.mcu.externaltools.gnu-tools-for-stm32.10.3-2021.10.macos64_1.0.0.202111181127/tools/bin/../lib/gcc/arm-none-eabi/10.3.1/thumb/v7e-m+fp/hard/crtn.o
                0x0000000020003000                _estack = (ORIGIN (RAM) + LENGTH (RAM))
                0x0000000000000200                _Min_Heap_Size = 0x200
                0x0000000000000400                _Min_Stack_Size = 0x400

.isr_vector     0x0000000008000000      0x188
                0x0000000008000000                . = ALIGN (0x4)
 *(.isr_vector)
 .isr_vector    0x0000000008000000      0x188 ./Core/Startup/startup_stm32f303k8tx.o
                0x0000000008000000                g_pfnVectors
                0x0000000008000188                . = ALIGN (0x4)

.text           0x0000000008000188     0x27bc
                0x0000000008000188                . = ALIGN (0x4)
 *(.text)
 .text          0x0000000008000188       0x40 /Applications/STM32CubeIDE.app/Contents/Eclipse/plugins/com.st.stm32cube.ide.mcu.externaltools.gnu-tools-for-stm32.10.3-2021.10.macos64_1.0.0.202111181127/tools/bin/../lib/gcc/arm-none-eabi/10.3.1/thumb/v7e-m+fp/hard/crtbegin.o
 *(.text*)
 .text.main     0x00000000080001c8       0x40 ./Core/Src/main.o
                0x00000000080001c8                main
 .text.SystemClock_Config
                0x0000000008000208       0x76 ./Core/Src/main.o
                0x0000000008000208                SystemClock_Config
 *fill*         0x000000000800027e        0x2 
 .text.MX_USART2_Init
                0x0000000008000280       0x58 ./Core/Src/main.o
 .text.MX_GPIO_Init
                0x00000000080002d8       0x30 ./Core/Src/main.o
 .text.Error_Handler
                0x0000000008000308        0xa ./Core/Src/main.o
                0x0000000008000308                Error_Handler
 *fill*         0x0000000008000312        0x2 
 .text.HAL_MspInit
                0x0000000008000314       0x48 ./Core/Src/stm32f3xx_hal_msp.o
                0x0000000008000314                HAL_MspInit
 .text.HAL_USART_MspInit
                0x000000000800035c       0x94 ./Core/Src/stm32f3xx_hal_msp.o
                0x000000000800035c                HAL_USART_MspInit
 .text.NMI_Handler
                0x00000000080003f0        0x6 ./Core/Src/stm32f3xx_it.o
                0x00000000080003f0                NMI_Handler
 .text.HardFault_Handler
                0x00000000080003f6        0x6 ./Core/Src/stm32f3xx_it.o
                0x00000000080003f6                HardFault_Handler
 .text.MemManage_Handler
                0x00000000080003fc        0x6 ./Core/Src/stm32f3xx_it.o
                0x00000000080003fc                MemManage_Handler
 .text.BusFault_Handler
                0x0000000008000402        0x6 ./Core/Src/stm32f3xx_it.o
                0x0000000008000402                BusFault_Handler
 .text.UsageFault_Handler
                0x0000000008000408        0x6 ./Core/Src/stm32f3xx_it.o
                0x0000000008000408                UsageFault_Handler
 .text.SVC_Handler
                0x000000000800040e        0xe ./Core/Src/stm32f3xx_it.o
                0x000000000800040e                SVC_Handler
 .text.DebugMon_Handler
                0x000000000800041c        0xe ./Core/Src/stm32f3xx_it.o
                0x000000000800041c                DebugMon_Handler
 .text.PendSV_Handler
                0x000000000800042a        0xe ./Core/Src/stm32f3xx_it.o
                0x000000000800042a                PendSV_Handler
 .text.SysTick_Handler
                0x0000000008000438        0xc ./Core/Src/stm32f3xx_it.o
                0x0000000008000438                SysTick_Handler
 .text.USART2_IRQHandler
                0x0000000008000444       0x14 ./Core/Src/stm32f3xx_it.o
                0x0000000008000444                USART2_IRQHandler
 .text.SystemInit
                0x0000000008000458       0x24 ./Core/Src/system_stm32f3xx.o
                0x0000000008000458                SystemInit
 .text.Reset_Handler
                0x000000000800047c       0x50 ./Core/Startup/startup_stm32f303k8tx.o
                0x000000000800047c                Reset_Handler
 .text.Default_Handler
                0x00000000080004cc        0x2 ./Core/Startup/startup_stm32f303k8tx.o
                0x00000000080004cc                TIM1_BRK_TIM15_IRQHandler
                0x00000000080004cc                TIM1_CC_IRQHandler
                0x00000000080004cc                PVD_IRQHandler
                0x00000000080004cc                TAMP_STAMP_IRQHandler
                0x00000000080004cc                EXTI3_IRQHandler
                0x00000000080004cc                EXTI0_IRQHandler
                0x00000000080004cc                FPU_IRQHandler
                0x00000000080004cc                CAN_TX_IRQHandler
                0x00000000080004cc                TIM1_UP_TIM16_IRQHandler
                0x00000000080004cc                ADC1_2_IRQHandler
                0x00000000080004cc                SPI1_IRQHandler
                0x00000000080004cc                CAN_SCE_IRQHandler
                0x00000000080004cc                DMA1_Channel4_IRQHandler
                0x00000000080004cc                USART3_IRQHandler
                0x00000000080004cc                DMA1_Channel7_IRQHandler
                0x00000000080004cc                TIM7_DAC2_IRQHandler
                0x00000000080004cc                CAN_RX1_IRQHandler
                0x00000000080004cc                I2C1_EV_IRQHandler
                0x00000000080004cc                DMA1_Channel6_IRQHandler
                0x00000000080004cc                TIM3_IRQHandler
                0x00000000080004cc                RCC_IRQHandler
                0x00000000080004cc                DMA1_Channel1_IRQHandler
                0x00000000080004cc                Default_Handler
                0x00000000080004cc                EXTI15_10_IRQHandler
                0x00000000080004cc                COMP2_IRQHandler
                0x00000000080004cc                TIM6_DAC1_IRQHandler
                0x00000000080004cc                EXTI9_5_IRQHandler
                0x00000000080004cc                RTC_WKUP_IRQHandler
                0x00000000080004cc                DMA1_Channel5_IRQHandler
                0x00000000080004cc                EXTI4_IRQHandler
                0x00000000080004cc                TIM1_TRG_COM_TIM17_IRQHandler
                0x00000000080004cc                DMA1_Channel3_IRQHandler
                0x00000000080004cc                WWDG_IRQHandler
                0x00000000080004cc                TIM2_IRQHandler
                0x00000000080004cc                EXTI1_IRQHandler
                0x00000000080004cc                COMP4_6_IRQHandler
                0x00000000080004cc                DMA1_Channel2_IRQHandler
                0x00000000080004cc                FLASH_IRQHandler
                0x00000000080004cc                USART1_IRQHandler
                0x00000000080004cc                CAN_RX0_IRQHandler
                0x00000000080004cc                I2C1_ER_IRQHandler
                0x00000000080004cc                EXTI2_TSC_IRQHandler
                0x00000000080004cc                RTC_Alarm_IRQHandler
 *fill*         0x00000000080004ce        0x2 
 .text.HAL_Init
                0x00000000080004d0       0x2c ./Drivers/STM32F3xx_HAL_Driver/Src/stm32f3xx_hal.o
                0x00000000080004d0                HAL_Init
 .text.HAL_InitTick
                0x00000000080004fc       0x60 ./Drivers/STM32F3xx_HAL_Driver/Src/stm32f3xx_hal.o
                0x00000000080004fc                HAL_InitTick
 .text.HAL_IncTick
                0x000000000800055c       0x28 ./Drivers/STM32F3xx_HAL_Driver/Src/stm32f3xx_hal.o
                0x000000000800055c                HAL_IncTick
 .text.HAL_GetTick
                0x0000000008000584       0x18 ./Drivers/STM32F3xx_HAL_Driver/Src/stm32f3xx_hal.o
                0x0000000008000584                HAL_GetTick
 .text.HAL_Delay
                0x000000000800059c       0x48 ./Drivers/STM32F3xx_HAL_Driver/Src/stm32f3xx_hal.o
                0x000000000800059c                HAL_Delay
 .text.__NVIC_SetPriorityGrouping
                0x00000000080005e4       0x48 ./Drivers/STM32F3xx_HAL_Driver/Src/stm32f3xx_hal_cortex.o
 .text.__NVIC_GetPriorityGrouping
                0x000000000800062c       0x1c ./Drivers/STM32F3xx_HAL_Driver/Src/stm32f3xx_hal_cortex.o
 .text.__NVIC_EnableIRQ
                0x0000000008000648       0x3c ./Drivers/STM32F3xx_HAL_Driver/Src/stm32f3xx_hal_cortex.o
 .text.__NVIC_SetPriority
                0x0000000008000684       0x54 ./Drivers/STM32F3xx_HAL_Driver/Src/stm32f3xx_hal_cortex.o
 .text.NVIC_EncodePriority
                0x00000000080006d8       0x66 ./Drivers/STM32F3xx_HAL_Driver/Src/stm32f3xx_hal_cortex.o
 *fill*         0x000000000800073e        0x2 
 .text.SysTick_Config
                0x0000000008000740       0x44 ./Drivers/STM32F3xx_HAL_Driver/Src/stm32f3xx_hal_cortex.o
 .text.HAL_NVIC_SetPriorityGrouping
                0x0000000008000784       0x16 ./Drivers/STM32F3xx_HAL_Driver/Src/stm32f3xx_hal_cortex.o
                0x0000000008000784                HAL_NVIC_SetPriorityGrouping
 .text.HAL_NVIC_SetPriority
                0x000000000800079a       0x38 ./Drivers/STM32F3xx_HAL_Driver/Src/stm32f3xx_hal_cortex.o
                0x000000000800079a                HAL_NVIC_SetPriority
 .text.HAL_NVIC_EnableIRQ
                0x00000000080007d2       0x1c ./Drivers/STM32F3xx_HAL_Driver/Src/stm32f3xx_hal_cortex.o
                0x00000000080007d2                HAL_NVIC_EnableIRQ
 .text.HAL_SYSTICK_Config
                0x00000000080007ee       0x18 ./Drivers/STM32F3xx_HAL_Driver/Src/stm32f3xx_hal_cortex.o
                0x00000000080007ee                HAL_SYSTICK_Config
 .text.HAL_DMA_Abort_IT
                0x0000000008000806       0x7c ./Drivers/STM32F3xx_HAL_Driver/Src/stm32f3xx_hal_dma.o
                0x0000000008000806                HAL_DMA_Abort_IT
 *fill*         0x0000000008000882        0x2 
 .text.HAL_GPIO_Init
                0x0000000008000884      0x2e4 ./Drivers/STM32F3xx_HAL_Driver/Src/stm32f3xx_hal_gpio.o
                0x0000000008000884                HAL_GPIO_Init
 .text.HAL_RCC_OscConfig
                0x0000000008000b68     0x107c ./Drivers/STM32F3xx_HAL_Driver/Src/stm32f3xx_hal_rcc.o
                0x0000000008000b68                HAL_RCC_OscConfig
 .text.HAL_RCC_ClockConfig
                0x0000000008001be4      0x2f8 ./Drivers/STM32F3xx_HAL_Driver/Src/stm32f3xx_hal_rcc.o
                0x0000000008001be4                HAL_RCC_ClockConfig
 .text.HAL_RCC_GetSysClockFreq
                0x0000000008001edc       0xd4 ./Drivers/STM32F3xx_HAL_Driver/Src/stm32f3xx_hal_rcc.o
                0x0000000008001edc                HAL_RCC_GetSysClockFreq
 .text.HAL_RCC_GetHCLKFreq
                0x0000000008001fb0       0x18 ./Drivers/STM32F3xx_HAL_Driver/Src/stm32f3xx_hal_rcc.o
                0x0000000008001fb0                HAL_RCC_GetHCLKFreq
 .text.HAL_RCC_GetPCLK1Freq
                0x0000000008001fc8       0x44 ./Drivers/STM32F3xx_HAL_Driver/Src/stm32f3xx_hal_rcc.o
                0x0000000008001fc8                HAL_RCC_GetPCLK1Freq
 .text.HAL_RCC_GetPCLK2Freq
                0x000000000800200c       0x44 ./Drivers/STM32F3xx_HAL_Driver/Src/stm32f3xx_hal_rcc.o
                0x000000000800200c                HAL_RCC_GetPCLK2Freq
 .text.HAL_USART_Init
                0x0000000008002050       0x94 ./Drivers/STM32F3xx_HAL_Driver/Src/stm32f3xx_hal_usart.o
                0x0000000008002050                HAL_USART_Init
 .text.HAL_USART_Transmit
                0x00000000080020e4      0x154 ./Drivers/STM32F3xx_HAL_Driver/Src/stm32f3xx_hal_usart.o
                0x00000000080020e4                HAL_USART_Transmit
 .text.HAL_USART_IRQHandler
                0x0000000008002238      0x27c ./Drivers/STM32F3xx_HAL_Driver/Src/stm32f3xx_hal_usart.o
                0x0000000008002238                HAL_USART_IRQHandler
 .text.HAL_USART_TxCpltCallback
                0x00000000080024b4       0x14 ./Drivers/STM32F3xx_HAL_Driver/Src/stm32f3xx_hal_usart.o
                0x00000000080024b4                HAL_USART_TxCpltCallback
 .text.HAL_USART_TxRxCpltCallback
                0x00000000080024c8       0x14 ./Drivers/STM32F3xx_HAL_Driver/Src/stm32f3xx_hal_usart.o
                0x00000000080024c8                HAL_USART_TxRxCpltCallback
 .text.HAL_USART_ErrorCallback
                0x00000000080024dc       0x14 ./Drivers/STM32F3xx_HAL_Driver/Src/stm32f3xx_hal_usart.o
                0x00000000080024dc                HAL_USART_ErrorCallback
 .text.USART_EndTransfer
                0x00000000080024f0       0x3c ./Drivers/STM32F3xx_HAL_Driver/Src/stm32f3xx_hal_usart.o
 .text.USART_DMAAbortOnError
                0x000000000800252c       0x28 ./Drivers/STM32F3xx_HAL_Driver/Src/stm32f3xx_hal_usart.o
 .text.USART_WaitOnFlagUntilTimeout
                0x0000000008002554       0x6c ./Drivers/STM32F3xx_HAL_Driver/Src/stm32f3xx_hal_usart.o
 .text.USART_SetConfig
                0x00000000080025c0      0x20c ./Drivers/STM32F3xx_HAL_Driver/Src/stm32f3xx_hal_usart.o
 .text.USART_CheckIdleState
                0x00000000080027cc       0x86 ./Drivers/STM32F3xx_HAL_Driver/Src/stm32f3xx_hal_usart.o
 .text.USART_EndTransmit_IT
                0x0000000008002852       0x82 ./Drivers/STM32F3xx_HAL_Driver/Src/stm32f3xx_hal_usart.o
 .text.__libc_init_array
                0x00000000080028d4       0x48 /Applications/STM32CubeIDE.app/Contents/Eclipse/plugins/com.st.stm32cube.ide.mcu.externaltools.gnu-tools-for-stm32.10.3-2021.10.macos64_1.0.0.202111181127/tools/bin/../lib/gcc/arm-none-eabi/10.3.1/../../../../arm-none-eabi/lib/thumb/v7e-m+fp/hard/libc_nano.a(lib_a-init.o)
                0x00000000080028d4                __libc_init_array
 .text.memset   0x000000000800291c       0x10 /Applications/STM32CubeIDE.app/Contents/Eclipse/plugins/com.st.stm32cube.ide.mcu.externaltools.gnu-tools-for-stm32.10.3-2021.10.macos64_1.0.0.202111181127/tools/bin/../lib/gcc/arm-none-eabi/10.3.1/../../../../arm-none-eabi/lib/thumb/v7e-m+fp/hard/libc_nano.a(lib_a-memset.o)
                0x000000000800291c                memset
 *(.glue_7)
 .glue_7        0x000000000800292c        0x0 linker stubs
 *(.glue_7t)
 .glue_7t       0x000000000800292c        0x0 linker stubs
 *(.eh_frame)
 .eh_frame      0x000000000800292c        0x0 /Applications/STM32CubeIDE.app/Contents/Eclipse/plugins/com.st.stm32cube.ide.mcu.externaltools.gnu-tools-for-stm32.10.3-2021.10.macos64_1.0.0.202111181127/tools/bin/../lib/gcc/arm-none-eabi/10.3.1/thumb/v7e-m+fp/hard/crtbegin.o
 *(.init)
 .init          0x000000000800292c        0x4 /Applications/STM32CubeIDE.app/Contents/Eclipse/plugins/com.st.stm32cube.ide.mcu.externaltools.gnu-tools-for-stm32.10.3-2021.10.macos64_1.0.0.202111181127/tools/bin/../lib/gcc/arm-none-eabi/10.3.1/thumb/v7e-m+fp/hard/crti.o
                0x000000000800292c                _init
 .init          0x0000000008002930        0x8 /Applications/STM32CubeIDE.app/Contents/Eclipse/plugins/com.st.stm32cube.ide.mcu.externaltools.gnu-tools-for-stm32.10.3-2021.10.macos64_1.0.0.202111181127/tools/bin/../lib/gcc/arm-none-eabi/10.3.1/thumb/v7e-m+fp/hard/crtn.o
 *(.fini)
 .fini          0x0000000008002938        0x4 /Applications/STM32CubeIDE.app/Contents/Eclipse/plugins/com.st.stm32cube.ide.mcu.externaltools.gnu-tools-for-stm32.10.3-2021.10.macos64_1.0.0.202111181127/tools/bin/../lib/gcc/arm-none-eabi/10.3.1/thumb/v7e-m+fp/hard/crti.o
                0x0000000008002938                _fini
 .fini          0x000000000800293c        0x8 /Applications/STM32CubeIDE.app/Contents/Eclipse/plugins/com.st.stm32cube.ide.mcu.externaltools.gnu-tools-for-stm32.10.3-2021.10.macos64_1.0.0.202111181127/tools/bin/../lib/gcc/arm-none-eabi/10.3.1/thumb/v7e-m+fp/hard/crtn.o
                0x0000000008002944                . = ALIGN (0x4)
                0x0000000008002944                _etext = .

.vfp11_veneer   0x0000000008002944        0x0
 .vfp11_veneer  0x0000000008002944        0x0 linker stubs

.v4_bx          0x0000000008002944        0x0
 .v4_bx         0x0000000008002944        0x0 linker stubs

.iplt           0x0000000008002944        0x0
 .iplt          0x0000000008002944        0x0 /Applications/STM32CubeIDE.app/Contents/Eclipse/plugins/com.st.stm32cube.ide.mcu.externaltools.gnu-tools-for-stm32.10.3-2021.10.macos64_1.0.0.202111181127/tools/bin/../lib/gcc/arm-none-eabi/10.3.1/thumb/v7e-m+fp/hard/crtbegin.o

.rodata         0x0000000008002944       0x48
                0x0000000008002944                . = ALIGN (0x4)
 *(.rodata)
 .rodata        0x0000000008002944        0xe ./Core/Src/main.o
 *(.rodata*)
 *fill*         0x0000000008002952        0x2 
 .rodata.AHBPrescTable
                0x0000000008002954       0x10 ./Core/Src/system_stm32f3xx.o
                0x0000000008002954                AHBPrescTable
 .rodata.APBPrescTable
                0x0000000008002964        0x8 ./Core/Src/system_stm32f3xx.o
                0x0000000008002964                APBPrescTable
 .rodata.aPLLMULFactorTable
                0x000000000800296c       0x10 ./Drivers/STM32F3xx_HAL_Driver/Src/stm32f3xx_hal_rcc.o
                0x000000000800296c                aPLLMULFactorTable
 .rodata.aPredivFactorTable
                0x000000000800297c       0x10 ./Drivers/STM32F3xx_HAL_Driver/Src/stm32f3xx_hal_rcc.o
                0x000000000800297c                aPredivFactorTable
                0x000000000800298c                . = ALIGN (0x4)

.rel.dyn        0x000000000800298c        0x0
 .rel.iplt      0x000000000800298c        0x0 /Applications/STM32CubeIDE.app/Contents/Eclipse/plugins/com.st.stm32cube.ide.mcu.externaltools.gnu-tools-for-stm32.10.3-2021.10.macos64_1.0.0.202111181127/tools/bin/../lib/gcc/arm-none-eabi/10.3.1/thumb/v7e-m+fp/hard/crtbegin.o

.ARM.extab      0x000000000800298c        0x0
                0x000000000800298c                . = ALIGN (0x4)
 *(.ARM.extab* .gnu.linkonce.armextab.*)
                0x000000000800298c                . = ALIGN (0x4)

.ARM            0x000000000800298c        0x0
                0x000000000800298c                . = ALIGN (0x4)
                0x000000000800298c                __exidx_start = .
 *(.ARM.exidx*)
                0x000000000800298c                __exidx_end = .
                0x000000000800298c                . = ALIGN (0x4)

.preinit_array  0x000000000800298c        0x0
                0x000000000800298c                . = ALIGN (0x4)
                0x000000000800298c                PROVIDE (__preinit_array_start = .)
 *(.preinit_array*)
                0x000000000800298c                PROVIDE (__preinit_array_end = .)
                0x000000000800298c                . = ALIGN (0x4)

.init_array     0x000000000800298c        0x4
                0x000000000800298c                . = ALIGN (0x4)
                0x000000000800298c                PROVIDE (__init_array_start = .)
 *(SORT_BY_NAME(.init_array.*))
 *(.init_array*)
 .init_array    0x000000000800298c        0x4 /Applications/STM32CubeIDE.app/Contents/Eclipse/plugins/com.st.stm32cube.ide.mcu.externaltools.gnu-tools-for-stm32.10.3-2021.10.macos64_1.0.0.202111181127/tools/bin/../lib/gcc/arm-none-eabi/10.3.1/thumb/v7e-m+fp/hard/crtbegin.o
                0x0000000008002990                PROVIDE (__init_array_end = .)
                0x0000000008002990                . = ALIGN (0x4)

.fini_array     0x0000000008002990        0x4
                0x0000000008002990                . = ALIGN (0x4)
                [!provide]                        PROVIDE (__fini_array_start = .)
 *(SORT_BY_NAME(.fini_array.*))
 *(.fini_array*)
 .fini_array    0x0000000008002990        0x4 /Applications/STM32CubeIDE.app/Contents/Eclipse/plugins/com.st.stm32cube.ide.mcu.externaltools.gnu-tools-for-stm32.10.3-2021.10.macos64_1.0.0.202111181127/tools/bin/../lib/gcc/arm-none-eabi/10.3.1/thumb/v7e-m+fp/hard/crtbegin.o
                [!provide]                        PROVIDE (__fini_array_end = .)
                0x0000000008002994                . = ALIGN (0x4)
                0x0000000008002994                _sidata = LOADADDR (.data)

.data           0x0000000020000000        0xc load address 0x0000000008002994
                0x0000000020000000                . = ALIGN (0x4)
                0x0000000020000000                _sdata = .
 *(.data)
 *(.data*)
 .data.SystemCoreClock
                0x0000000020000000        0x4 ./Core/Src/system_stm32f3xx.o
                0x0000000020000000                SystemCoreClock
 .data.uwTickPrio
                0x0000000020000004        0x4 ./Drivers/STM32F3xx_HAL_Driver/Src/stm32f3xx_hal.o
                0x0000000020000004                uwTickPrio
 .data.uwTickFreq
                0x0000000020000008        0x1 ./Drivers/STM32F3xx_HAL_Driver/Src/stm32f3xx_hal.o
                0x0000000020000008                uwTickFreq
 *(.RamFunc)
 *(.RamFunc*)
                0x000000002000000c                . = ALIGN (0x4)
 *fill*         0x0000000020000009        0x3 
                0x000000002000000c                _edata = .
                0x00000000080029a0                _siccmram = LOADADDR (.ccmram)

.igot.plt       0x000000002000000c        0x0 load address 0x00000000080029a0
 .igot.plt      0x000000002000000c        0x0 /Applications/STM32CubeIDE.app/Contents/Eclipse/plugins/com.st.stm32cube.ide.mcu.externaltools.gnu-tools-for-stm32.10.3-2021.10.macos64_1.0.0.202111181127/tools/bin/../lib/gcc/arm-none-eabi/10.3.1/thumb/v7e-m+fp/hard/crtbegin.o

.ccmram         0x0000000010000000        0x0 load address 0x00000000080029a0
                0x0000000010000000                . = ALIGN (0x4)
                0x0000000010000000                _sccmram = .
 *(.ccmram)
 *(.ccmram*)
                0x0000000010000000                . = ALIGN (0x4)
                0x0000000010000000                _eccmram = .
                0x0000000010000000                . = ALIGN (0x4)

.bss            0x000000002000000c       0x70
                0x000000002000000c                _sbss = .
                0x000000002000000c                __bss_start__ = _sbss
 *(.bss)
 .bss           0x000000002000000c       0x1c /Applications/STM32CubeIDE.app/Contents/Eclipse/plugins/com.st.stm32cube.ide.mcu.externaltools.gnu-tools-for-stm32.10.3-2021.10.macos64_1.0.0.202111181127/tools/bin/../lib/gcc/arm-none-eabi/10.3.1/thumb/v7e-m+fp/hard/crtbegin.o
 *(.bss*)
 .bss.husart2   0x0000000020000028       0x50 ./Core/Src/main.o
                0x0000000020000028                husart2
 .bss.uwTick    0x0000000020000078        0x4 ./Drivers/STM32F3xx_HAL_Driver/Src/stm32f3xx_hal.o
                0x0000000020000078                uwTick
 *(COMMON)
                0x000000002000007c                . = ALIGN (0x4)
                0x000000002000007c                _ebss = .
                0x000000002000007c                __bss_end__ = _ebss

._user_heap_stack
                0x000000002000007c      0x604
                0x0000000020000080                . = ALIGN (0x8)
 *fill*         0x000000002000007c        0x4 
                [!provide]                        PROVIDE (end = .)
                0x0000000020000080                PROVIDE (_end = .)
                0x0000000020000280                . = (. + _Min_Heap_Size)
 *fill*         0x0000000020000080      0x200 
                0x0000000020000680                . = (. + _Min_Stack_Size)
 *fill*         0x0000000020000280      0x400 
                0x0000000020000680                . = ALIGN (0x8)

/DISCARD/
 libc.a(*)
 libm.a(*)
 libgcc.a(*)

.ARM.attributes
                0x0000000000000000       0x30
 *(.ARM.attributes)
 .ARM.attributes
                0x0000000000000000       0x1e /Applications/STM32CubeIDE.app/Contents/Eclipse/plugins/com.st.stm32cube.ide.mcu.externaltools.gnu-tools-for-stm32.10.3-2021.10.macos64_1.0.0.202111181127/tools/bin/../lib/gcc/arm-none-eabi/10.3.1/thumb/v7e-m+fp/hard/crti.o
 .ARM.attributes
                0x000000000000001e       0x34 /Applications/STM32CubeIDE.app/Contents/Eclipse/plugins/com.st.stm32cube.ide.mcu.externaltools.gnu-tools-for-stm32.10.3-2021.10.macos64_1.0.0.202111181127/tools/bin/../lib/gcc/arm-none-eabi/10.3.1/thumb/v7e-m+fp/hard/crtbegin.o
 .ARM.attributes
                0x0000000000000052       0x34 ./Core/Src/main.o
 .ARM.attributes
                0x0000000000000086       0x34 ./Core/Src/stm32f3xx_hal_msp.o
 .ARM.attributes
                0x00000000000000ba       0x34 ./Core/Src/stm32f3xx_it.o
 .ARM.attributes
                0x00000000000000ee       0x34 ./Core/Src/system_stm32f3xx.o
 .ARM.attributes
                0x0000000000000122       0x21 ./Core/Startup/startup_stm32f303k8tx.o
 .ARM.attributes
                0x0000000000000143       0x34 ./Drivers/STM32F3xx_HAL_Driver/Src/stm32f3xx_hal.o
 .ARM.attributes
                0x0000000000000177       0x34 ./Drivers/STM32F3xx_HAL_Driver/Src/stm32f3xx_hal_cortex.o
 .ARM.attributes
                0x00000000000001ab       0x34 ./Drivers/STM32F3xx_HAL_Driver/Src/stm32f3xx_hal_dma.o
 .ARM.attributes
                0x00000000000001df       0x34 ./Drivers/STM32F3xx_HAL_Driver/Src/stm32f3xx_hal_gpio.o
 .ARM.attributes
                0x0000000000000213       0x34 ./Drivers/STM32F3xx_HAL_Driver/Src/stm32f3xx_hal_rcc.o
 .ARM.attributes
                0x0000000000000247       0x34 ./Drivers/STM32F3xx_HAL_Driver/Src/stm32f3xx_hal_usart.o
 .ARM.attributes
                0x000000000000027b       0x34 /Applications/STM32CubeIDE.app/Contents/Eclipse/plugins/com.st.stm32cube.ide.mcu.externaltools.gnu-tools-for-stm32.10.3-2021.10.macos64_1.0.0.202111181127/tools/bin/../lib/gcc/arm-none-eabi/10.3.1/../../../../arm-none-eabi/lib/thumb/v7e-m+fp/hard/libc_nano.a(lib_a-init.o)
 .ARM.attributes
                0x00000000000002af       0x34 /Applications/STM32CubeIDE.app/Contents/Eclipse/plugins/com.st.stm32cube.ide.mcu.externaltools.gnu-tools-for-stm32.10.3-2021.10.macos64_1.0.0.202111181127/tools/bin/../lib/gcc/arm-none-eabi/10.3.1/../../../../arm-none-eabi/lib/thumb/v7e-m+fp/hard/libc_nano.a(lib_a-memset.o)
 .ARM.attributes
                0x00000000000002e3       0x1e /Applications/STM32CubeIDE.app/Contents/Eclipse/plugins/com.st.stm32cube.ide.mcu.externaltools.gnu-tools-for-stm32.10.3-2021.10.macos64_1.0.0.202111181127/tools/bin/../lib/gcc/arm-none-eabi/10.3.1/thumb/v7e-m+fp/hard/crtn.o
OUTPUT(TMC_test.elf elf32-littlearm)
LOAD linker stubs
LOAD /Applications/STM32CubeIDE.app/Contents/Eclipse/plugins/com.st.stm32cube.ide.mcu.externaltools.gnu-tools-for-stm32.10.3-2021.10.macos64_1.0.0.202111181127/tools/bin/../lib/gcc/arm-none-eabi/10.3.1/../../../../arm-none-eabi/lib/thumb/v7e-m+fp/hard/libc.a
LOAD /Applications/STM32CubeIDE.app/Contents/Eclipse/plugins/com.st.stm32cube.ide.mcu.externaltools.gnu-tools-for-stm32.10.3-2021.10.macos64_1.0.0.202111181127/tools/bin/../lib/gcc/arm-none-eabi/10.3.1/../../../../arm-none-eabi/lib/thumb/v7e-m+fp/hard/libm.a
LOAD /Applications/STM32CubeIDE.app/Contents/Eclipse/plugins/com.st.stm32cube.ide.mcu.externaltools.gnu-tools-for-stm32.10.3-2021.10.macos64_1.0.0.202111181127/tools/bin/../lib/gcc/arm-none-eabi/10.3.1/thumb/v7e-m+fp/hard/libgcc.a

.debug_info     0x0000000000000000     0x6a30
 .debug_info    0x0000000000000000      0xa42 ./Core/Src/main.o
 .debug_info    0x0000000000000a42      0xa44 ./Core/Src/stm32f3xx_hal_msp.o
 .debug_info    0x0000000000001486      0x684 ./Core/Src/stm32f3xx_it.o
 .debug_info    0x0000000000001b0a      0x416 ./Core/Src/system_stm32f3xx.o
 .debug_info    0x0000000000001f20       0x22 ./Core/Startup/startup_stm32f303k8tx.o
 .debug_info    0x0000000000001f42      0x77d ./Drivers/STM32F3xx_HAL_Driver/Src/stm32f3xx_hal.o
 .debug_info    0x00000000000026bf      0xb20 ./Drivers/STM32F3xx_HAL_Driver/Src/stm32f3xx_hal_cortex.o
 .debug_info    0x00000000000031df      0x757 ./Drivers/STM32F3xx_HAL_Driver/Src/stm32f3xx_hal_dma.o
 .debug_info    0x0000000000003936      0x74e ./Drivers/STM32F3xx_HAL_Driver/Src/stm32f3xx_hal_gpio.o
 .debug_info    0x0000000000004084     0x1586 ./Drivers/STM32F3xx_HAL_Driver/Src/stm32f3xx_hal_rcc.o
 .debug_info    0x000000000000560a     0x1426 ./Drivers/STM32F3xx_HAL_Driver/Src/stm32f3xx_hal_usart.o

.debug_abbrev   0x0000000000000000     0x1466
 .debug_abbrev  0x0000000000000000      0x243 ./Core/Src/main.o
 .debug_abbrev  0x0000000000000243      0x19d ./Core/Src/stm32f3xx_hal_msp.o
 .debug_abbrev  0x00000000000003e0      0x15f ./Core/Src/stm32f3xx_it.o
 .debug_abbrev  0x000000000000053f      0x116 ./Core/Src/system_stm32f3xx.o
 .debug_abbrev  0x0000000000000655       0x12 ./Core/Startup/startup_stm32f303k8tx.o
 .debug_abbrev  0x0000000000000667      0x20e ./Drivers/STM32F3xx_HAL_Driver/Src/stm32f3xx_hal.o
 .debug_abbrev  0x0000000000000875      0x2ed ./Drivers/STM32F3xx_HAL_Driver/Src/stm32f3xx_hal_cortex.o
 .debug_abbrev  0x0000000000000b62      0x1fe ./Drivers/STM32F3xx_HAL_Driver/Src/stm32f3xx_hal_dma.o
 .debug_abbrev  0x0000000000000d60      0x1bb ./Drivers/STM32F3xx_HAL_Driver/Src/stm32f3xx_hal_gpio.o
 .debug_abbrev  0x0000000000000f1b      0x30c ./Drivers/STM32F3xx_HAL_Driver/Src/stm32f3xx_hal_rcc.o
 .debug_abbrev  0x0000000000001227      0x23f ./Drivers/STM32F3xx_HAL_Driver/Src/stm32f3xx_hal_usart.o

.debug_aranges  0x0000000000000000      0x5f8
 .debug_aranges
                0x0000000000000000       0x48 ./Core/Src/main.o
 .debug_aranges
                0x0000000000000048       0x30 ./Core/Src/stm32f3xx_hal_msp.o
 .debug_aranges
                0x0000000000000078       0x68 ./Core/Src/stm32f3xx_it.o
 .debug_aranges
                0x00000000000000e0       0x28 ./Core/Src/system_stm32f3xx.o
 .debug_aranges
                0x0000000000000108       0x28 ./Core/Startup/startup_stm32f303k8tx.o
 .debug_aranges
                0x0000000000000130       0xe0 ./Drivers/STM32F3xx_HAL_Driver/Src/stm32f3xx_hal.o
 .debug_aranges
                0x0000000000000210      0x100 ./Drivers/STM32F3xx_HAL_Driver/Src/stm32f3xx_hal_cortex.o
 .debug_aranges
                0x0000000000000310       0x88 ./Drivers/STM32F3xx_HAL_Driver/Src/stm32f3xx_hal_dma.o
 .debug_aranges
                0x0000000000000398       0x58 ./Drivers/STM32F3xx_HAL_Driver/Src/stm32f3xx_hal_gpio.o
 .debug_aranges
                0x00000000000003f0       0x88 ./Drivers/STM32F3xx_HAL_Driver/Src/stm32f3xx_hal_rcc.o
 .debug_aranges
                0x0000000000000478      0x180 ./Drivers/STM32F3xx_HAL_Driver/Src/stm32f3xx_hal_usart.o

.debug_ranges   0x0000000000000000      0x550
 .debug_ranges  0x0000000000000000       0x38 ./Core/Src/main.o
 .debug_ranges  0x0000000000000038       0x20 ./Core/Src/stm32f3xx_hal_msp.o
 .debug_ranges  0x0000000000000058       0x58 ./Core/Src/stm32f3xx_it.o
 .debug_ranges  0x00000000000000b0       0x18 ./Core/Src/system_stm32f3xx.o
 .debug_ranges  0x00000000000000c8       0x20 ./Core/Startup/startup_stm32f303k8tx.o
 .debug_ranges  0x00000000000000e8       0xd0 ./Drivers/STM32F3xx_HAL_Driver/Src/stm32f3xx_hal.o
 .debug_ranges  0x00000000000001b8       0xf0 ./Drivers/STM32F3xx_HAL_Driver/Src/stm32f3xx_hal_cortex.o
 .debug_ranges  0x00000000000002a8       0x78 ./Drivers/STM32F3xx_HAL_Driver/Src/stm32f3xx_hal_dma.o
 .debug_ranges  0x0000000000000320       0x48 ./Drivers/STM32F3xx_HAL_Driver/Src/stm32f3xx_hal_gpio.o
 .debug_ranges  0x0000000000000368       0x78 ./Drivers/STM32F3xx_HAL_Driver/Src/stm32f3xx_hal_rcc.o
 .debug_ranges  0x00000000000003e0      0x170 ./Drivers/STM32F3xx_HAL_Driver/Src/stm32f3xx_hal_usart.o

.debug_macro    0x0000000000000000    0x1a61d
 .debug_macro   0x0000000000000000      0x313 ./Core/Src/main.o
 .debug_macro   0x0000000000000313      0xa78 ./Core/Src/main.o
 .debug_macro   0x0000000000000d8b      0x151 ./Core/Src/main.o
 .debug_macro   0x0000000000000edc       0x2e ./Core/Src/main.o
 .debug_macro   0x0000000000000f0a       0x28 ./Core/Src/main.o
 .debug_macro   0x0000000000000f32       0x22 ./Core/Src/main.o
 .debug_macro   0x0000000000000f54       0x8e ./Core/Src/main.o
 .debug_macro   0x0000000000000fe2       0x51 ./Core/Src/main.o
 .debug_macro   0x0000000000001033      0x103 ./Core/Src/main.o
 .debug_macro   0x0000000000001136       0x6a ./Core/Src/main.o
 .debug_macro   0x00000000000011a0      0x1df ./Core/Src/main.o
 .debug_macro   0x000000000000137f       0x1c ./Core/Src/main.o
 .debug_macro   0x000000000000139b       0x22 ./Core/Src/main.o
 .debug_macro   0x00000000000013bd       0xd9 ./Core/Src/main.o
 .debug_macro   0x0000000000001496      0xf07 ./Core/Src/main.o
 .debug_macro   0x000000000000239d    0x10be0 ./Core/Src/main.o
 .debug_macro   0x0000000000012f7d       0x6d ./Core/Src/main.o
 .debug_macro   0x0000000000012fea     0x3540 ./Core/Src/main.o
 .debug_macro   0x000000000001652a      0x174 ./Core/Src/main.o
 .debug_macro   0x000000000001669e       0x55 ./Core/Src/main.o
 .debug_macro   0x00000000000166f3      0x8f9 ./Core/Src/main.o
 .debug_macro   0x0000000000016fec      0x304 ./Core/Src/main.o
 .debug_macro   0x00000000000172f0      0x1b6 ./Core/Src/main.o
 .debug_macro   0x00000000000174a6      0x11b ./Core/Src/main.o
 .debug_macro   0x00000000000175c1      0x1d5 ./Core/Src/main.o
 .debug_macro   0x0000000000017796      0x1bc ./Core/Src/main.o
 .debug_macro   0x0000000000017952       0x34 ./Core/Src/main.o
 .debug_macro   0x0000000000017986       0x3c ./Core/Src/main.o
 .debug_macro   0x00000000000179c2       0x57 ./Core/Src/main.o
 .debug_macro   0x0000000000017a19       0xc5 ./Core/Src/main.o
 .debug_macro   0x0000000000017ade      0x19f ./Core/Src/main.o
 .debug_macro   0x0000000000017c7d      0x22c ./Core/Src/main.o
 .debug_macro   0x0000000000017ea9       0x5b ./Core/Src/main.o
 .debug_macro   0x0000000000017f04       0xa5 ./Core/Src/main.o
 .debug_macro   0x0000000000017fa9       0x81 ./Core/Src/main.o
 .debug_macro   0x000000000001802a       0xd3 ./Core/Src/main.o
 .debug_macro   0x00000000000180fd      0x295 ./Core/Src/main.o
 .debug_macro   0x0000000000018392       0x31 ./Core/Src/main.o
 .debug_macro   0x00000000000183c3      0x285 ./Core/Src/main.o
 .debug_macro   0x0000000000018648       0x22 ./Core/Src/main.o
 .debug_macro   0x000000000001866a       0x22 ./Core/Src/main.o
 .debug_macro   0x000000000001868c       0x88 ./Core/Src/main.o
 .debug_macro   0x0000000000018714       0x4c ./Core/Src/main.o
 .debug_macro   0x0000000000018760      0x1b4 ./Core/Src/main.o
 .debug_macro   0x0000000000018914       0x10 ./Core/Src/main.o
 .debug_macro   0x0000000000018924       0x88 ./Core/Src/main.o
 .debug_macro   0x00000000000189ac       0x1e ./Core/Src/main.o
 .debug_macro   0x00000000000189ca       0x52 ./Core/Src/main.o
 .debug_macro   0x0000000000018a1c       0x3c ./Core/Src/main.o
 .debug_macro   0x0000000000018a58       0x34 ./Core/Src/main.o
 .debug_macro   0x0000000000018a8c       0x16 ./Core/Src/main.o
 .debug_macro   0x0000000000018aa2       0x35 ./Core/Src/main.o
 .debug_macro   0x0000000000018ad7       0x16 ./Core/Src/main.o
 .debug_macro   0x0000000000018aed       0x43 ./Core/Src/main.o
 .debug_macro   0x0000000000018b30       0x34 ./Core/Src/main.o
 .debug_macro   0x0000000000018b64       0x10 ./Core/Src/main.o
 .debug_macro   0x0000000000018b74       0x58 ./Core/Src/main.o
 .debug_macro   0x0000000000018bcc       0x71 ./Core/Src/main.o
 .debug_macro   0x0000000000018c3d       0x1c ./Core/Src/main.o
 .debug_macro   0x0000000000018c59      0x12a ./Core/Src/main.o
 .debug_macro   0x0000000000018d83      0x341 ./Core/Src/main.o
 .debug_macro   0x00000000000190c4       0x16 ./Core/Src/main.o
 .debug_macro   0x00000000000190da       0x29 ./Core/Src/main.o
 .debug_macro   0x0000000000019103       0x9a ./Core/Src/main.o
 .debug_macro   0x000000000001919d       0x2e ./Core/Src/main.o
 .debug_macro   0x00000000000191cb      0x42c ./Core/Src/main.o
 .debug_macro   0x00000000000195f7       0x4c ./Core/Src/main.o
 .debug_macro   0x0000000000019643      0x1bc ./Core/Src/stm32f3xx_hal_msp.o
 .debug_macro   0x00000000000197ff      0x1c6 ./Core/Src/stm32f3xx_it.o
 .debug_macro   0x00000000000199c5      0x1b2 ./Core/Src/system_stm32f3xx.o
 .debug_macro   0x0000000000019b77      0x1d6 ./Drivers/STM32F3xx_HAL_Driver/Src/stm32f3xx_hal.o
 .debug_macro   0x0000000000019d4d      0x1b2 ./Drivers/STM32F3xx_HAL_Driver/Src/stm32f3xx_hal_cortex.o
 .debug_macro   0x0000000000019eff      0x1b2 ./Drivers/STM32F3xx_HAL_Driver/Src/stm32f3xx_hal_dma.o
 .debug_macro   0x000000000001a0b1      0x1b9 ./Drivers/STM32F3xx_HAL_Driver/Src/stm32f3xx_hal_gpio.o
 .debug_macro   0x000000000001a26a      0x1d6 ./Drivers/STM32F3xx_HAL_Driver/Src/stm32f3xx_hal_rcc.o
 .debug_macro   0x000000000001a440      0x1dd ./Drivers/STM32F3xx_HAL_Driver/Src/stm32f3xx_hal_usart.o

.debug_line     0x0000000000000000     0x7948
 .debug_line    0x0000000000000000      0x9e2 ./Core/Src/main.o
 .debug_line    0x00000000000009e2      0x725 ./Core/Src/stm32f3xx_hal_msp.o
 .debug_line    0x0000000000001107      0x7af ./Core/Src/stm32f3xx_it.o
 .debug_line    0x00000000000018b6      0x74b ./Core/Src/system_stm32f3xx.o
 .debug_line    0x0000000000002001       0x88 ./Core/Startup/startup_stm32f303k8tx.o
 .debug_line    0x0000000000002089      0x980 ./Drivers/STM32F3xx_HAL_Driver/Src/stm32f3xx_hal.o
 .debug_line    0x0000000000002a09      0xb68 ./Drivers/STM32F3xx_HAL_Driver/Src/stm32f3xx_hal_cortex.o
 .debug_line    0x0000000000003571      0xc6e ./Drivers/STM32F3xx_HAL_Driver/Src/stm32f3xx_hal_dma.o
 .debug_line    0x00000000000041df      0xacd ./Drivers/STM32F3xx_HAL_Driver/Src/stm32f3xx_hal_gpio.o
 .debug_line    0x0000000000004cac     0x135d ./Drivers/STM32F3xx_HAL_Driver/Src/stm32f3xx_hal_rcc.o
 .debug_line    0x0000000000006009     0x193f ./Drivers/STM32F3xx_HAL_Driver/Src/stm32f3xx_hal_usart.o

.debug_str      0x0000000000000000    0x9a0af
 .debug_str     0x0000000000000000    0x9882a ./Core/Src/main.o
                                      0x98b1d (size before relaxing)
 .debug_str     0x000000000009882a      0x37f ./Core/Src/stm32f3xx_hal_msp.o
                                      0x9355b (size before relaxing)
 .debug_str     0x0000000000098ba9       0xf0 ./Core/Src/stm32f3xx_it.o
                                      0x931d3 (size before relaxing)
 .debug_str     0x0000000000098c99       0xe9 ./Core/Src/system_stm32f3xx.o
                                      0x92e42 (size before relaxing)
 .debug_str     0x0000000000098d82       0x36 ./Core/Startup/startup_stm32f303k8tx.o
                                         0x7a (size before relaxing)
 .debug_str     0x0000000000098db8      0x37a ./Drivers/STM32F3xx_HAL_Driver/Src/stm32f3xx_hal.o
                                      0x93532 (size before relaxing)
 .debug_str     0x0000000000099132      0x22c ./Drivers/STM32F3xx_HAL_Driver/Src/stm32f3xx_hal_cortex.o
                                      0x93457 (size before relaxing)
 .debug_str     0x000000000009935e      0x24d ./Drivers/STM32F3xx_HAL_Driver/Src/stm32f3xx_hal_dma.o
                                      0x9318a (size before relaxing)
 .debug_str     0x00000000000995ab      0x1bb ./Drivers/STM32F3xx_HAL_Driver/Src/stm32f3xx_hal_gpio.o
                                      0x93021 (size before relaxing)
 .debug_str     0x0000000000099766      0x2d1 ./Drivers/STM32F3xx_HAL_Driver/Src/stm32f3xx_hal_rcc.o
                                      0x932e2 (size before relaxing)
 .debug_str     0x0000000000099a37      0x678 ./Drivers/STM32F3xx_HAL_Driver/Src/stm32f3xx_hal_usart.o
                                      0x93909 (size before relaxing)

.comment        0x0000000000000000       0x50
 .comment       0x0000000000000000       0x50 ./Core/Src/main.o
                                         0x51 (size before relaxing)
 .comment       0x0000000000000050       0x51 ./Core/Src/stm32f3xx_hal_msp.o
 .comment       0x0000000000000050       0x51 ./Core/Src/stm32f3xx_it.o
 .comment       0x0000000000000050       0x51 ./Core/Src/system_stm32f3xx.o
 .comment       0x0000000000000050       0x51 ./Drivers/STM32F3xx_HAL_Driver/Src/stm32f3xx_hal.o
 .comment       0x0000000000000050       0x51 ./Drivers/STM32F3xx_HAL_Driver/Src/stm32f3xx_hal_cortex.o
 .comment       0x0000000000000050       0x51 ./Drivers/STM32F3xx_HAL_Driver/Src/stm32f3xx_hal_dma.o
 .comment       0x0000000000000050       0x51 ./Drivers/STM32F3xx_HAL_Driver/Src/stm32f3xx_hal_gpio.o
 .comment       0x0000000000000050       0x51 ./Drivers/STM32F3xx_HAL_Driver/Src/stm32f3xx_hal_rcc.o
 .comment       0x0000000000000050       0x51 ./Drivers/STM32F3xx_HAL_Driver/Src/stm32f3xx_hal_usart.o

.debug_frame    0x0000000000000000     0x16b8
 .debug_frame   0x0000000000000000       0xd8 ./Core/Src/main.o
 .debug_frame   0x00000000000000d8       0x7c ./Core/Src/stm32f3xx_hal_msp.o
 .debug_frame   0x0000000000000154      0x120 ./Core/Src/stm32f3xx_it.o
 .debug_frame   0x0000000000000274       0x58 ./Core/Src/system_stm32f3xx.o
 .debug_frame   0x00000000000002cc      0x334 ./Drivers/STM32F3xx_HAL_Driver/Src/stm32f3xx_hal.o
 .debug_frame   0x0000000000000600      0x428 ./Drivers/STM32F3xx_HAL_Driver/Src/stm32f3xx_hal_cortex.o
 .debug_frame   0x0000000000000a28      0x224 ./Drivers/STM32F3xx_HAL_Driver/Src/stm32f3xx_hal_dma.o
 .debug_frame   0x0000000000000c4c      0x14c ./Drivers/STM32F3xx_HAL_Driver/Src/stm32f3xx_hal_gpio.o
 .debug_frame   0x0000000000000d98      0x214 ./Drivers/STM32F3xx_HAL_Driver/Src/stm32f3xx_hal_rcc.o
 .debug_frame   0x0000000000000fac      0x6c0 ./Drivers/STM32F3xx_HAL_Driver/Src/stm32f3xx_hal_usart.o
 .debug_frame   0x000000000000166c       0x2c /Applications/STM32CubeIDE.app/Contents/Eclipse/plugins/com.st.stm32cube.ide.mcu.externaltools.gnu-tools-for-stm32.10.3-2021.10.macos64_1.0.0.202111181127/tools/bin/../lib/gcc/arm-none-eabi/10.3.1/../../../../arm-none-eabi/lib/thumb/v7e-m+fp/hard/libc_nano.a(lib_a-init.o)
 .debug_frame   0x0000000000001698       0x20 /Applications/STM32CubeIDE.app/Contents/Eclipse/plugins/com.st.stm32cube.ide.mcu.externaltools.gnu-tools-for-stm32.10.3-2021.10.macos64_1.0.0.202111181127/tools/bin/../lib/gcc/arm-none-eabi/10.3.1/../../../../arm-none-eabi/lib/thumb/v7e-m+fp/hard/libc_nano.a(lib_a-memset.o)
