../Core/Src/main.c:80:6:RMDCommand	32	static
../Core/Src/main.c:185:5:main	16	static
../Core/Src/main.c:309:6:SystemClock_Config	88	static
../Core/Src/main.c:357:13:MX_CAN1_Init	8	static
../Core/Src/main.c:394:13:MX_USART2_UART_Init	8	static
../Core/Src/main.c:427:13:MX_GPIO_Init	48	static
../Core/Src/main.c:466:5:_write	24	static
../Core/Src/main.c:471:6:HAL_UART_RxCpltCallback	16	static
../Core/Src/main.c:479:6:HAL_CAN_TxMailbox0CompleteCallack	16	static
../Core/Src/main.c:484:6:HAL_CAN_RxFifo0MsgPendingCallback	16	static
../Core/Src/main.c:498:6:Error_Handler	8	static,ignoring_inline_asm
