../Core/Src/main.c:125:6:RMD_CANTx	16	static
../Core/Src/main.c:143:6:RMD_calculatuin	16	static
../Core/Src/main.c:187:6:SendAll	16	static
../Core/Src/main.c:195:6:RMD_check	16	static
../Core/Src/main.c:238:6:HAL_TIM_PeriodElapsedCallback	24	static
../Core/Src/main.c:254:5:main	16	static
../Core/Src/main.c:372:6:SystemClock_Config	88	static
../Core/Src/main.c:420:13:MX_CAN1_Init	8	static
../Core/Src/main.c:457:13:MX_TIM2_Init	32	static
../Core/Src/main.c:502:13:MX_TIM3_Init	32	static
../Core/Src/main.c:547:13:MX_USART2_UART_Init	8	static
../Core/Src/main.c:580:13:MX_GPIO_Init	48	static
../Core/Src/main.c:619:5:_write	24	static
../Core/Src/main.c:624:6:HAL_UART_RxCpltCallback	16	static
../Core/Src/main.c:632:6:HAL_CAN_TxMailbox0CompleteCallack	16	static
../Core/Src/main.c:637:6:HAL_CAN_RxFifo0MsgPendingCallback	24	static
../Core/Src/main.c:659:6:Error_Handler	8	static,ignoring_inline_asm
