../Core/Src/main.c:118:6:tmc2209_readWriteArray	24	static
../Core/Src/main.c:131:9:tmc2209_CRC8	16	static
../Core/Src/main.c:144:16:reset	8	static
../Core/Src/main.c:152:16:restore	8	static
../Core/Src/main.c:158:6:TMC2209_INIT	16	static
../Core/Src/main.c:178:6:HAL_GPIO_EXTI_Callback	16	static
../Core/Src/main.c:193:6:Step0	8	static
../Core/Src/main.c:205:6:Dir0	16	static
../Core/Src/main.c:210:6:resetStepperInfo	16	static
../Core/Src/main.c:222:6:resetStepper	16	static
../Core/Src/main.c:234:6:prepareMovement	24	static
../Core/Src/main.c:253:6:prepareAbsoluteMovement	24	static
../Core/Src/main.c:276:6:setNextInterruptInterval	16	static
../Core/Src/main.c:301:6:HAL_TIM_OC_DelayElapsedCallback	24	static
../Core/Src/main.c:355:6:sensorStateInit	8	static
../Core/Src/main.c:361:6:runAndWait	8	static
../Core/Src/main.c:367:6:stepperHoming	8	static
../Core/Src/main.c:400:6:TMCsetup	32	static
../Core/Src/main.c:452:6:motorrotate	40	static
../Core/Src/main.c:465:5:main	88	static
../Core/Src/main.c:605:6:SystemClock_Config	96	static
../Core/Src/main.c:651:13:MX_TIM3_Init	64	static
../Core/Src/main.c:709:13:MX_USART1_UART_Init	8	static
../Core/Src/main.c:744:13:MX_USART2_UART_Init	8	static
../Core/Src/main.c:779:13:MX_GPIO_Init	40	static
../Core/Src/main.c:811:5:_write	24	static
../Core/Src/main.c:816:6:HAL_UART_RxCpltCallback	16	static
../Core/Src/main.c:842:6:Error_Handler	4	static,ignoring_inline_asm
