../Core/Src/main.c:106:6:tmc2209_readWriteArray	24	static
../Core/Src/main.c:119:9:tmc2209_CRC8	16	static
../Core/Src/main.c:124:16:reset	8	static
../Core/Src/main.c:132:16:restore	8	static
../Core/Src/main.c:138:6:TMC2209_INIT	16	static
../Core/Src/main.c:158:6:HAL_GPIO_EXTI_Callback	16	static
../Core/Src/main.c:183:6:Step0	8	static
../Core/Src/main.c:195:6:Dir0	16	static
../Core/Src/main.c:200:6:resetStepperInfo	16	static
../Core/Src/main.c:212:6:resetStepper	16	static
../Core/Src/main.c:224:6:prepareMovement	24	static
../Core/Src/main.c:242:6:prepareAbsoluteMovement	24	static
../Core/Src/main.c:262:6:setNextInterruptInterval	16	static
../Core/Src/main.c:287:6:HAL_TIM_OC_DelayElapsedCallback	24	static
../Core/Src/main.c:336:6:sensorStateInit	8	static
../Core/Src/main.c:342:6:stallguard_back	8	static
../Core/Src/main.c:348:6:runAndWait	8	static
../Core/Src/main.c:360:6:AbsoluteReset	16	static
../Core/Src/main.c:374:6:stepperHoming	8	static
../Core/Src/main.c:406:6:TMCsetup	16	static
../Core/Src/main.c:493:5:main	8	static
../Core/Src/main.c:607:6:SystemClock_Config	88	static
../Core/Src/main.c:655:13:MX_TIM3_Init	64	static
../Core/Src/main.c:713:13:MX_USART1_UART_Init	8	static
../Core/Src/main.c:746:13:MX_USART2_UART_Init	8	static
../Core/Src/main.c:779:13:MX_GPIO_Init	48	static
../Core/Src/main.c:844:5:_write	24	static
../Core/Src/main.c:849:6:HAL_UART_RxCpltCallback	16	static
../Core/Src/main.c:863:6:Error_Handler	4	static,ignoring_inline_asm
