../Core/Src/main.c:106:6:tmc2209_readWriteArray	24	static
../Core/Src/main.c:119:9:tmc2209_CRC8	16	static
../Core/Src/main.c:124:16:reset	8	static
../Core/Src/main.c:132:16:restore	8	static
../Core/Src/main.c:138:6:TMC2209_INIT	16	static
../Core/Src/main.c:158:6:HAL_GPIO_EXTI_Callback	16	static
../Core/Src/main.c:178:6:Step0	8	static
../Core/Src/main.c:190:6:Dir0	16	static
../Core/Src/main.c:195:6:resetStepperInfo	16	static
../Core/Src/main.c:207:6:resetStepper	16	static
../Core/Src/main.c:219:6:prepareMovement	24	static
../Core/Src/main.c:237:6:prepareAbsoluteMovement	24	static
../Core/Src/main.c:257:6:setNextInterruptInterval	16	static
../Core/Src/main.c:282:6:HAL_TIM_OC_DelayElapsedCallback	24	static
../Core/Src/main.c:331:6:sensorStateInit	8	static
../Core/Src/main.c:337:6:stallguard_back	8	static
../Core/Src/main.c:343:6:runAndWait	8	static
../Core/Src/main.c:353:6:AbsoluteReset	16	static
../Core/Src/main.c:367:6:stepperHoming	8	static
../Core/Src/main.c:400:6:TMCsetup	72	static
../Core/Src/main.c:540:5:main	16	static
../Core/Src/main.c:654:6:SystemClock_Config	88	static
../Core/Src/main.c:702:13:MX_TIM3_Init	64	static
../Core/Src/main.c:760:13:MX_USART1_UART_Init	8	static
../Core/Src/main.c:793:13:MX_USART2_UART_Init	8	static
../Core/Src/main.c:826:13:MX_GPIO_Init	48	static
../Core/Src/main.c:885:5:_write	24	static
../Core/Src/main.c:890:6:HAL_UART_RxCpltCallback	16	static
../Core/Src/main.c:903:6:Error_Handler	4	static,ignoring_inline_asm
