../Core/Src/main.c:122:6:tmc2209_readWriteArray	24	static
../Core/Src/main.c:135:9:tmc2209_CRC8	16	static
../Core/Src/main.c:143:16:reset	8	static
../Core/Src/main.c:151:16:restore	8	static
../Core/Src/main.c:157:6:TMC2209_INIT	16	static
../Core/Src/main.c:177:6:HAL_GPIO_EXTI_Callback	16	static
../Core/Src/main.c:197:6:Step0	8	static
../Core/Src/main.c:209:6:Dir0	16	static
../Core/Src/main.c:214:6:resetStepperInfo	16	static
../Core/Src/main.c:226:6:resetStepper	16	static
../Core/Src/main.c:238:6:prepareMovement	24	static
../Core/Src/main.c:256:6:prepareAbsoluteMovement	24	static
../Core/Src/main.c:276:6:setNextInterruptInterval	16	static
../Core/Src/main.c:301:6:HAL_TIM_OC_DelayElapsedCallback	24	static
../Core/Src/main.c:350:6:sensorStateInit	8	static
../Core/Src/main.c:356:6:stallguard_back	8	static
../Core/Src/main.c:362:6:runAndWait	8	static
../Core/Src/main.c:372:6:AbsoluteReset	16	static
../Core/Src/main.c:387:6:stepperHoming	8	static
../Core/Src/main.c:420:6:TMCsetup	48	static
../Core/Src/main.c:502:6:RMDCommand	16	static
../Core/Src/main.c:609:6:SetUpRMD	8	static
../Core/Src/main.c:615:6:RMDLeftTurn	8	static
../Core/Src/main.c:621:6:RMDRightTurn	8	static
../Core/Src/main.c:627:6:checkRMDdata	24	static
../Core/Src/main.c:667:6:RMDPIDSetting	8	static
../Core/Src/main.c:678:6:UART1_InIt	4	static
../Core/Src/main.c:695:5:main	16	static
../Core/Src/main.c:890:6:SystemClock_Config	88	static
../Core/Src/main.c:938:13:MX_CAN1_Init	8	static
../Core/Src/main.c:975:13:MX_TIM3_Init	64	static
../Core/Src/main.c:1033:13:MX_USART1_UART_Init	8	static
../Core/Src/main.c:1066:13:MX_USART2_UART_Init	8	static
../Core/Src/main.c:1099:13:MX_GPIO_Init	48	static
../Core/Src/main.c:1158:5:_write	24	static
../Core/Src/main.c:1163:6:HAL_UART_RxCpltCallback	16	static
../Core/Src/main.c:1169:6:HAL_CAN_TxMailbox0CompleteCallback	16	static
../Core/Src/main.c:1177:6:HAL_CAN_RxFifo0MsgPendingCallback	16	static
../Core/Src/main.c:1202:6:Error_Handler	4	static,ignoring_inline_asm
