../Core/Src/main.c:113:6:Zero	4	static
../Core/Src/main.c:125:6:EnterMotorMode	4	static
../Core/Src/main.c:137:6:ExitMotorMode	4	static
../Core/Src/main.c:150:6:pack_cmd	64	static
../Core/Src/main.c:186:6:BLDC_CANTx	16	static
../Core/Src/main.c:232:6:unpack_reply	32	static
../Core/Src/main.c:254:6:BLDC_CANRx	16	static
../Core/Src/main.c:289:5:main	32	static
../Core/Src/main.c:493:6:SystemClock_Config	88	static
../Core/Src/main.c:541:13:MX_CAN1_Init	8	static
../Core/Src/main.c:578:13:MX_CAN2_Init	8	static
../Core/Src/main.c:615:13:MX_USART2_UART_Init	8	static
../Core/Src/main.c:648:13:MX_GPIO_Init	48	static
../Core/Src/main.c:687:5:_write	24	static
../Core/Src/main.c:693:6:HAL_UART_RxCpltCallback	16	static
../Core/Src/main.c:703:6:HAL_CAN_TxMailbox0CompleteCallback	16	static
../Core/Src/main.c:711:6:HAL_CAN_RxFifo0MsgPendingCallback	16	static
../Core/Src/main.c:736:6:Error_Handler	4	static,ignoring_inline_asm
