../Core/Src/main.c:112:6:Zero	4	static
../Core/Src/main.c:124:6:EnterMotorMode	4	static
../Core/Src/main.c:136:6:ExitMotorMode	4	static
../Core/Src/main.c:149:6:pack_cmd	72	static
../Core/Src/main.c:180:6:BLDC_CANTx	16	static
../Core/Src/main.c:224:6:unpack_reply	32	static
../Core/Src/main.c:245:6:BLDC_CANRx	16	static
../Core/Src/main.c:278:5:main	16	static
../Core/Src/main.c:459:6:SystemClock_Config	88	static
../Core/Src/main.c:507:13:MX_CAN1_Init	8	static
../Core/Src/main.c:544:13:MX_USART2_UART_Init	8	static
../Core/Src/main.c:577:13:MX_GPIO_Init	48	static
../Core/Src/main.c:616:5:_write	24	static
../Core/Src/main.c:622:6:HAL_UART_RxCpltCallback	16	static
../Core/Src/main.c:632:6:HAL_CAN_TxMailbox0CompleteCallback	16	static
../Core/Src/main.c:640:6:HAL_CAN_RxFifo0MsgPendingCallback	16	static
../Core/Src/main.c:665:6:Error_Handler	4	static,ignoring_inline_asm
