02:34:20 **** Incremental Build of configuration Debug for project STMF446_BLDCMotor_CAN_UART_2Motor ****
make -j7 all 
arm-none-eabi-gcc "../Core/Src/main.c" -mcpu=cortex-m4 -std=gnu11 -g3 -DDEBUG -DUSE_HAL_DRIVER -DSTM32F446xx -c -I../Core/Inc -I../Drivers/STM32F4xx_HAL_Driver/Inc -I../Drivers/STM32F4xx_HAL_Driver/Inc/Legacy -I../Drivers/CMSIS/Device/ST/STM32F4xx/Include -I../Drivers/CMSIS/Include -O0 -ffunction-sections -fdata-sections -Wall -fstack-usage -MMD -MP -MF"Core/Src/main.d" -MT"Core/Src/main.o" --specs=nano.specs -mfpu=fpv4-sp-d16 -mfloat-abi=hard -mthumb -o "Core/Src/main.o"
../Core/Src/main.c: In function 'BLDC_CANTx':
../Core/Src/main.c:206:24: warning: format '%d' expects argument of type 'int', but argument 2 has type 'uint32_t' {aka 'long unsigned int'} [-Wformat=]
  206 |    printf("Mailboxes: %d\r\n",HAL_CAN_GetTxMailboxesFreeLevel(&hcan2));
      |                       ~^      ~~~~~~~~~~~~~~~~~~~~~~~~~~~~~~~~~~~~~~~
      |                        |      |
      |                        int    uint32_t {aka long unsigned int}
      |                       %ld
../Core/Src/main.c: In function 'main':
../Core/Src/main.c:391:10: warning: unused variable 't_int_position' [-Wunused-variable]
  391 | uint32_t t_int_position[2];
      |          ^~~~~~~~~~~~~~
../Core/Src/main.c:390:9: warning: unused variable 'modeflag' [-Wunused-variable]
  390 | uint8_t modeflag=0;
      |         ^~~~~~~~
../Core/Src/main.c:356:12: warning: unused variable 'Init_flag' [-Wunused-variable]
  356 |   uint32_t Init_flag=0;
      |            ^~~~~~~~~
arm-none-eabi-gcc -o "STMF446_BLDCMotor_CAN_UART_2Motor.elf" @"objects.list"   -mcpu=cortex-m4 -T"/Users/moritatomiya/Documents/GitHub/STM32_Development/STMF446_BLDCMotor_CAN_UART_2Motor/STM32F446RETX_FLASH.ld" --specs=nosys.specs -Wl,-Map="STMF446_BLDCMotor_CAN_UART_2Motor.map" -Wl,--gc-sections -static -u_printf_float --specs=nano.specs -mfpu=fpv4-sp-d16 -mfloat-abi=hard -mthumb -Wl,--start-group -lc -lm -Wl,--end-group
Finished building target: STMF446_BLDCMotor_CAN_UART_2Motor.elf
 
arm-none-eabi-size   STMF446_BLDCMotor_CAN_UART_2Motor.elf 
arm-none-eabi-objdump -h -S  STMF446_BLDCMotor_CAN_UART_2Motor.elf  > "STMF446_BLDCMotor_CAN_UART_2Motor.list"
   text	   data	    bss	    dec	    hex	filename
  36032	    488	   1896	  38416	   9610	STMF446_BLDCMotor_CAN_UART_2Motor.elf
Finished building: default.size.stdout
 
Finished building: STMF446_BLDCMotor_CAN_UART_2Motor.list
 

02:34:24 Build Finished. 0 errors, 4 warnings. (took 3s.564ms)

