22:07:13 **** Incremental Build of configuration Debug for project STMF446_BLDCMotor_CAN_UART_SerialInput ****
make -j7 all 
arm-none-eabi-gcc "../Core/Src/main.c" -mcpu=cortex-m4 -std=gnu11 -g3 -DDEBUG -DUSE_HAL_DRIVER -DSTM32F446xx -c -I../Core/Inc -I../Drivers/STM32F4xx_HAL_Driver/Inc -I../Drivers/STM32F4xx_HAL_Driver/Inc/Legacy -I../Drivers/CMSIS/Device/ST/STM32F4xx/Include -I../Drivers/CMSIS/Include -O0 -ffunction-sections -fdata-sections -Wall -fstack-usage -MMD -MP -MF"Core/Src/main.d" -MT"Core/Src/main.o" --specs=nano.specs -mfpu=fpv4-sp-d16 -mfloat-abi=hard -mthumb -o "Core/Src/main.o"
../Core/Src/main.c: In function 'BLDC_CANTx':
../Core/Src/main.c:218:24: warning: format '%d' expects argument of type 'int', but argument 2 has type 'uint32_t' {aka 'long unsigned int'} [-Wformat=]
  218 |    printf("Mailboxes: %d\r\n",HAL_CAN_GetTxMailboxesFreeLevel(&hcan2));
      |                       ~^      ~~~~~~~~~~~~~~~~~~~~~~~~~~~~~~~~~~~~~~~
      |                        |      |
      |                        int    uint32_t {aka long unsigned int}
      |                       %ld
../Core/Src/main.c: In function 'main':
../Core/Src/main.c:429:32: warning: format '%x' expects argument of type 'unsigned int', but argument 2 has type 'uint32_t' {aka 'long unsigned int'} [-Wformat=]
  429 |      printf("Mode_selection　%x\r\n",Mode_selection);
      |                              ~^      ~~~~~~~~~~~~~~
      |                               |      |
      |                               |      uint32_t {aka long unsigned int}
      |                               unsigned int
      |                              %lx
../Core/Src/main.c:394:10: warning: unused variable 'Init_flag' [-Wunused-variable]
  394 | uint32_t Init_flag=0;
      |          ^~~~~~~~~
arm-none-eabi-gcc -o "STMF446_BLDCMotor_CAN_UART_SerialInput.elf" @"objects.list"   -mcpu=cortex-m4 -T"/Users/moritatomiya/Documents/GitHub/STM32_Development/STMF446_BLDCMotor_CAN_UART_SerialInput/STM32F446RETX_FLASH.ld" --specs=nosys.specs -Wl,-Map="STMF446_BLDCMotor_CAN_UART_SerialInput.map" -Wl,--gc-sections -static -u_printf_float --specs=nano.specs -mfpu=fpv4-sp-d16 -mfloat-abi=hard -mthumb -Wl,--start-group -lc -lm -Wl,--end-group
Finished building target: STMF446_BLDCMotor_CAN_UART_SerialInput.elf
 
arm-none-eabi-size   STMF446_BLDCMotor_CAN_UART_SerialInput.elf 
arm-none-eabi-objdump -h -S  STMF446_BLDCMotor_CAN_UART_SerialInput.elf  > "STMF446_BLDCMotor_CAN_UART_SerialInput.list"
   text	   data	    bss	    dec	    hex	filename
  36088	    484	   1868	  38440	   9628	STMF446_BLDCMotor_CAN_UART_SerialInput.elf
Finished building: default.size.stdout
 
Finished building: STMF446_BLDCMotor_CAN_UART_SerialInput.list
 

22:07:16 Build Finished. 0 errors, 3 warnings. (took 2s.575ms)

