../Core/Src/main.c:191:6:Zero	4	static
../Core/Src/main.c:212:6:EnterMotorMode	4	static
../Core/Src/main.c:234:6:ExitMotorMode	4	static
../Core/Src/main.c:254:6:pack_cmd	96	static
../Core/Src/main.c:295:6:BLDC_CANTx	48	static
../Core/Src/main.c:342:6:unpack_reply	56	static
../Core/Src/main.c:378:6:RMDTx	16	static
../Core/Src/main.c:402:6:RMDZero	24	static
../Core/Src/main.c:433:6:sent_position	32	static
../Core/Src/main.c:460:6:BLDC_MotorRotate	88	static
../Core/Src/main.c:559:6:BLDC_M1Rotate	56	static
../Core/Src/main.c:614:6:BLDC_M2Rotate	48	static
../Core/Src/main.c:688:6:command_judgment	24	static
../Core/Src/main.c:704:6:tmc2209_readWriteArray	24	static
../Core/Src/main.c:717:9:tmc2209_CRC8	16	static
../Core/Src/main.c:722:16:reset	8	static
../Core/Src/main.c:730:16:restore	8	static
../Core/Src/main.c:736:6:TMC2209_INIT	16	static
../Core/Src/main.c:755:6:Step0	8	static
../Core/Src/main.c:767:6:Dir0	16	static
../Core/Src/main.c:772:6:resetStepperInfo	16	static
../Core/Src/main.c:784:6:resetStepper	16	static
../Core/Src/main.c:796:6:prepareMovement	24	static
../Core/Src/main.c:815:6:prepareAbsoluteMovement	24	static
../Core/Src/main.c:830:6:currentcheck	16	static
../Core/Src/main.c:846:6:setNextInterruptInterval	16	static
../Core/Src/main.c:871:6:HAL_TIM_OC_DelayElapsedCallback	24	static
../Core/Src/main.c:922:6:sensorStateInit	8	static
../Core/Src/main.c:928:6:stallguard_back	8	static
../Core/Src/main.c:933:6:stallguard_error	16	static
../Core/Src/main.c:945:6:runAndWait	8	static
../Core/Src/main.c:955:6:AbsoluteReset	16	static
../Core/Src/main.c:969:6:stepperHoming	8	static
../Core/Src/main.c:1000:6:MotorOFF	16	static
../Core/Src/main.c:1021:6:InvertDir	16	static
../Core/Src/main.c:1031:6:TMCsetup	72	static
../Core/Src/main.c:1173:6:RMDCommand	16	static
../Core/Src/main.c:1276:6:SetUpRMD	8	static
../Core/Src/main.c:1282:6:RMDLeftTurn	8	static
../Core/Src/main.c:1288:6:RMDRightTurn	8	static
../Core/Src/main.c:1294:6:checkRMDdata	24	static
../Core/Src/main.c:1327:6:RMDPIDSetting	8	static
../Core/Src/main.c:1339:6:UART1_InIt	4	static
../Core/Src/main.c:1355:5:main	216	static
../Core/Src/main.c:1765:6:SystemClock_Config	88	static
../Core/Src/main.c:1813:13:MX_CAN1_Init	8	static
../Core/Src/main.c:1850:13:MX_TIM3_Init	64	static
../Core/Src/main.c:1908:13:MX_USART1_UART_Init	8	static
../Core/Src/main.c:1941:13:MX_USART2_UART_Init	8	static
../Core/Src/main.c:1974:13:MX_GPIO_Init	48	static
../Core/Src/main.c:2048:6:BLDC_FK	48	static
../Core/Src/main.c:2056:6:BLDC_IK	64	static
../Core/Src/main.c:2064:5:_write	24	static
../Core/Src/main.c:2070:6:HAL_UART_RxCpltCallback	16	static
../Core/Src/main.c:2081:6:HAL_CAN_TxMailbox0CompleteCallback	16	static
../Core/Src/main.c:2087:6:HAL_CAN_RxFifo0MsgPendingCallback	24	static
../Core/Src/main.c:2109:6:HAL_GPIO_EXTI_Callback	16	static
../Core/Src/main.c:2146:6:Error_Handler	4	static,ignoring_inline_asm
