../Core/Src/main.c:77:6:RMDCommand	4	static
../Core/Src/main.c:121:5:main	16	static
../Core/Src/main.c:282:6:SystemClock_Config	88	static
../Core/Src/main.c:330:13:MX_CAN1_Init	8	static
../Core/Src/main.c:367:13:MX_USART2_UART_Init	8	static
../Core/Src/main.c:400:13:MX_GPIO_Init	48	static
../Core/Src/main.c:439:5:_write	24	static
../Core/Src/main.c:445:6:HAL_UART_RxCpltCallback	16	static
../Core/Src/main.c:451:6:HAL_CAN_TxMailbox0CompleteCallack	16	static
../Core/Src/main.c:458:6:HAL_CAN_RxFifo0MsgPendingCallback	16	static
../Core/Src/main.c:482:6:Error_Handler	4	static,ignoring_inline_asm
